Component: Arm Compiler for Embedded 6.19 Tool: armlink [5e73cb00]

==============================================================================

Section Cross References

    startup_stm32f407xx.o(STACK) refers (Special) to heapauxi.o(.text) for __use_two_region_memory
    startup_stm32f407xx.o(HEAP) refers (Special) to heapauxi.o(.text) for __use_two_region_memory
    startup_stm32f407xx.o(RESET) refers (Special) to heapauxi.o(.text) for __use_two_region_memory
    startup_stm32f407xx.o(RESET) refers to startup_stm32f407xx.o(STACK) for __initial_sp
    startup_stm32f407xx.o(RESET) refers to startup_stm32f407xx.o(.text) for Reset_Handler
    startup_stm32f407xx.o(RESET) refers to stm32f4xx_it.o(.text.NMI_Handler) for NMI_Handler
    startup_stm32f407xx.o(RESET) refers to stm32f4xx_it.o(.text.HardFault_Handler) for HardFault_Handler
    startup_stm32f407xx.o(RESET) refers to stm32f4xx_it.o(.text.MemManage_Handler) for MemManage_Handler
    startup_stm32f407xx.o(RESET) refers to stm32f4xx_it.o(.text.BusFault_Handler) for BusFault_Handler
    startup_stm32f407xx.o(RESET) refers to stm32f4xx_it.o(.text.UsageFault_Handler) for UsageFault_Handler
    startup_stm32f407xx.o(RESET) refers to stm32f4xx_it.o(.text.SVC_Handler) for SVC_Handler
    startup_stm32f407xx.o(RESET) refers to stm32f4xx_it.o(.text.DebugMon_Handler) for DebugMon_Handler
    startup_stm32f407xx.o(RESET) refers to stm32f4xx_it.o(.text.PendSV_Handler) for PendSV_Handler
    startup_stm32f407xx.o(RESET) refers to stm32f4xx_it.o(.text.SysTick_Handler) for SysTick_Handler
    startup_stm32f407xx.o(RESET) refers to stm32f4xx_it.o(.text.OTG_FS_IRQHandler) for OTG_FS_IRQHandler
    startup_stm32f407xx.o(.text) refers (Special) to heapauxi.o(.text) for __use_two_region_memory
    startup_stm32f407xx.o(.text) refers to system_stm32f4xx.o(.text.SystemInit) for SystemInit
    startup_stm32f407xx.o(.text) refers to __main.o(!!!main) for __main
    startup_stm32f407xx.o(.text) refers to startup_stm32f407xx.o(HEAP) for Heap_Mem
    startup_stm32f407xx.o(.text) refers to startup_stm32f407xx.o(STACK) for Stack_Mem
    main.o(.text.main) refers to stm32f4xx_hal.o(.text.HAL_Init) for HAL_Init
    main.o(.text.main) refers to main.o(.text.SystemClock_Config) for SystemClock_Config
    main.o(.text.main) refers to gpio.o(.text.MX_GPIO_Init) for MX_GPIO_Init
    main.o(.text.main) refers to i2c.o(.text.MX_I2C1_Init) for MX_I2C1_Init
    main.o(.text.main) refers to i2s.o(.text.MX_I2S3_Init) for MX_I2S3_Init
    main.o(.text.main) refers to spi.o(.text.MX_SPI1_Init) for MX_SPI1_Init
    main.o(.text.main) refers to usb_host.o(.text.MX_USB_HOST_Init) for MX_USB_HOST_Init
    main.o(.text.main) refers to usb_host.o(.text.MX_USB_HOST_Process) for MX_USB_HOST_Process
    main.o(.ARM.exidx.text.main) refers to main.o(.text.main) for [Anonymous Symbol]
    main.o(.text.SystemClock_Config) refers to rt_memclr_w.o(.text) for __aeabi_memclr4
    main.o(.text.SystemClock_Config) refers to stm32f4xx_hal_rcc.o(.text.HAL_RCC_OscConfig) for HAL_RCC_OscConfig
    main.o(.text.SystemClock_Config) refers to main.o(.text.Error_Handler) for Error_Handler
    main.o(.text.SystemClock_Config) refers to stm32f4xx_hal_rcc.o(.text.HAL_RCC_ClockConfig) for HAL_RCC_ClockConfig
    main.o(.ARM.exidx.text.SystemClock_Config) refers to main.o(.text.SystemClock_Config) for [Anonymous Symbol]
    main.o(.ARM.exidx.text.Error_Handler) refers to main.o(.text.Error_Handler) for [Anonymous Symbol]
    gpio.o(.text.MX_GPIO_Init) refers to stm32f4xx_hal_gpio.o(.text.HAL_GPIO_WritePin) for HAL_GPIO_WritePin
    gpio.o(.text.MX_GPIO_Init) refers to stm32f4xx_hal_gpio.o(.text.HAL_GPIO_Init) for HAL_GPIO_Init
    gpio.o(.ARM.exidx.text.MX_GPIO_Init) refers to gpio.o(.text.MX_GPIO_Init) for [Anonymous Symbol]
    i2c.o(.text.MX_I2C1_Init) refers to i2c.o(.bss.hi2c1) for hi2c1
    i2c.o(.text.MX_I2C1_Init) refers to stm32f4xx_hal_i2c.o(.text.HAL_I2C_Init) for HAL_I2C_Init
    i2c.o(.text.MX_I2C1_Init) refers to main.o(.text.Error_Handler) for Error_Handler
    i2c.o(.ARM.exidx.text.MX_I2C1_Init) refers to i2c.o(.text.MX_I2C1_Init) for [Anonymous Symbol]
    i2c.o(.text.HAL_I2C_MspInit) refers to stm32f4xx_hal_gpio.o(.text.HAL_GPIO_Init) for HAL_GPIO_Init
    i2c.o(.ARM.exidx.text.HAL_I2C_MspInit) refers to i2c.o(.text.HAL_I2C_MspInit) for [Anonymous Symbol]
    i2c.o(.text.HAL_I2C_MspDeInit) refers to stm32f4xx_hal_gpio.o(.text.HAL_GPIO_DeInit) for HAL_GPIO_DeInit
    i2c.o(.ARM.exidx.text.HAL_I2C_MspDeInit) refers to i2c.o(.text.HAL_I2C_MspDeInit) for [Anonymous Symbol]
    i2s.o(.text.MX_I2S3_Init) refers to i2s.o(.bss.hi2s3) for hi2s3
    i2s.o(.text.MX_I2S3_Init) refers to stm32f4xx_hal_i2s.o(.text.HAL_I2S_Init) for HAL_I2S_Init
    i2s.o(.text.MX_I2S3_Init) refers to main.o(.text.Error_Handler) for Error_Handler
    i2s.o(.ARM.exidx.text.MX_I2S3_Init) refers to i2s.o(.text.MX_I2S3_Init) for [Anonymous Symbol]
[...]
    USBH_CDC_ClassRequest                    0x0800481d   Thumb Code    78  usbh_cdc.o(.text.USBH_CDC_ClassRequest)
    [Anonymous Symbol]                       0x0800481c   Section        0  usbh_cdc.o(.text.USBH_CDC_ClassRequest)
    USBH_CDC_InterfaceDeInit                 0x0800486d   Thumb Code   166  usbh_cdc.o(.text.USBH_CDC_InterfaceDeInit)
    [Anonymous Symbol]                       0x0800486c   Section        0  usbh_cdc.o(.text.USBH_CDC_InterfaceDeInit)
    USBH_CDC_InterfaceInit                   0x08004915   Thumb Code   694  usbh_cdc.o(.text.USBH_CDC_InterfaceInit)
    [Anonymous Symbol]                       0x08004914   Section        0  usbh_cdc.o(.text.USBH_CDC_InterfaceInit)
    [Anonymous Symbol]                       0x08004bcc   Section        0  usbh_cdc.o(.text.USBH_CDC_LineCodingChanged)
    USBH_CDC_Process                         0x08004bd5   Thumb Code   302  usbh_cdc.o(.text.USBH_CDC_Process)
    [Anonymous Symbol]                       0x08004bd4   Section        0  usbh_cdc.o(.text.USBH_CDC_Process)
    [Anonymous Symbol]                       0x08004d04   Section        0  usbh_cdc.o(.text.USBH_CDC_ReceiveCallback)
    USBH_CDC_SOFProcess                      0x08004d0d   Thumb Code    10  usbh_cdc.o(.text.USBH_CDC_SOFProcess)
    [Anonymous Symbol]                       0x08004d0c   Section        0  usbh_cdc.o(.text.USBH_CDC_SOFProcess)
    [Anonymous Symbol]                       0x08004d18   Section        0  usbh_cdc.o(.text.USBH_CDC_TransmitCallback)
    [Anonymous Symbol]                       0x08004d20   Section        0  usbh_pipes.o(.text.USBH_ClosePipe)
    [Anonymous Symbol]                       0x08004d3c   Section        0  usbh_ctlreq.o(.text.USBH_ClrFeature)
    [Anonymous Symbol]                       0x08004d80   Section        0  usbh_ioreq.o(.text.USBH_CtlReceiveData)
    [Anonymous Symbol]                       0x08004dc0   Section        0  usbh_ctlreq.o(.text.USBH_CtlReq)
    [Anonymous Symbol]                       0x08004e54   Section        0  usbh_ioreq.o(.text.USBH_CtlSendData)
    [Anonymous Symbol]                       0x08004eb0   Section        0  usbh_ioreq.o(.text.USBH_CtlSendSetup)
    [Anonymous Symbol]                       0x08004ee8   Section        0  usbh_conf.o(.text.USBH_Delay)
    [Anonymous Symbol]                       0x08004ef8   Section        0  usbh_core.o(.text.USBH_FindInterface)
    [Anonymous Symbol]                       0x08004fa4   Section        0  usbh_pipes.o(.text.USBH_FreePipe)
    [Anonymous Symbol]                       0x08004fd4   Section        0  usbh_ctlreq.o(.text.USBH_GetDescriptor)
    USBH_GetFreePipe                         0x08005051   Thumb Code    90  usbh_pipes.o(.text.USBH_GetFreePipe)
    [Anonymous Symbol]                       0x08005050   Section        0  usbh_pipes.o(.text.USBH_GetFreePipe)
    [Anonymous Symbol]                       0x080050ac   Section        0  usbh_ctlreq.o(.text.USBH_GetNextDesc)
    [Anonymous Symbol]                       0x080050cc   Section        0  usbh_ctlreq.o(.text.USBH_Get_CfgDesc)
    [Anonymous Symbol]                       0x08005118   Section        0  usbh_ctlreq.o(.text.USBH_Get_DevDesc)
    [Anonymous Symbol]                       0x08005164   Section        0  usbh_ctlreq.o(.text.USBH_Get_StringDesc)
    [Anonymous Symbol]                       0x080051b8   Section        0  usbh_conf.o(.text.USBH_Get_USB_Status)
    USBH_HandleControl                       0x0800520d   Thumb Code   770  usbh_ctlreq.o(.text.USBH_HandleControl)
    [Anonymous Symbol]                       0x0800520c   Section        0  usbh_ctlreq.o(.text.USBH_HandleControl)
    USBH_HandleEnum                          0x08005511   Thumb Code  1048  usbh_core.o(.text.USBH_HandleEnum)
    [Anonymous Symbol]                       0x08005510   Section        0  usbh_core.o(.text.USBH_HandleEnum)
    USBH_HandleSof                           0x08005929   Thumb Code    42  usbh_core.o(.text.USBH_HandleSof)
    [Anonymous Symbol]                       0x08005928   Section        0  usbh_core.o(.text.USBH_HandleSof)
    [Anonymous Symbol]                       0x08005954   Section        0  usbh_core.o(.text.USBH_Init)
    [Anonymous Symbol]                       0x080059d4   Section        0  usbh_conf.o(.text.USBH_LL_ClosePipe)
    [Anonymous Symbol]                       0x08005a10   Section        0  usbh_core.o(.text.USBH_LL_Connect)
    [Anonymous Symbol]                       0x08005a30   Section        0  usbh_core.o(.text.USBH_LL_Disconnect)
    [Anonymous Symbol]                       0x08005a6c   Section        0  usbh_conf.o(.text.USBH_LL_DriverVBUS)
    [Anonymous Symbol]                       0x08005a98   Section        0  usbh_conf.o(.text.USBH_LL_GetLastXferSize)
    [Anonymous Symbol]                       0x08005ab4   Section        0  usbh_conf.o(.text.USBH_LL_GetSpeed)
    [Anonymous Symbol]                       0x08005b0c   Section        0  usbh_conf.o(.text.USBH_LL_GetURBState)
    [Anonymous Symbol]                       0x08005b28   Section        0  usbh_core.o(.text.USBH_LL_IncTimer)
    [Anonymous Symbol]                       0x08005b44   Section        0  usbh_conf.o(.text.USBH_LL_Init)
    [Anonymous Symbol]                       0x08005bb4   Section        0  usbh_conf.o(.text.USBH_LL_OpenPipe)
    [Anonymous Symbol]                       0x08005c30   Section        0  usbh_core.o(.text.USBH_LL_PortDisabled)
    [Anonymous Symbol]                       0x08005c40   Section        0  usbh_core.o(.text.USBH_LL_PortEnabled)
    [Anonymous Symbol]                       0x08005c50   Section        0  usbh_conf.o(.text.USBH_LL_ResetPort)
    [Anonymous Symbol]                       0x08005c84   Section        0  usbh_core.o(.text.USBH_LL_SetTimer)
    [Anonymous Symbol]                       0x08005c98   Section        0  usbh_conf.o(.text.USBH_LL_SetToggle)
    [Anonymous Symbol]                       0x08005cf4   Section        0  usbh_conf.o(.text.USBH_LL_Start)
    [Anonymous Symbol]                       0x08005d28   Section        0  usbh_conf.o(.text.USBH_LL_Stop)
    [Anonymous Symbol]                       0x08005d5c   Section        0  usbh_conf.o(.text.USBH_LL_SubmitURB)
    [Anonymous Symbol]                       0x08005de0   Section        0  usbh_pipes.o(.text.USBH_OpenPipe)
    USBH_ParseCfgDesc                        0x08005e3d   Thumb Code   598  usbh_ctlreq.o(.text.USBH_ParseCfgDesc)
    [Anonymous Symbol]                       0x08005e3c   Section        0  usbh_ctlreq.o(.text.USBH_ParseCfgDesc)
    USBH_ParseDevDesc                        0x08006095   Thumb Code   210  usbh_ctlreq.o(.text.USBH_ParseDevDesc)
    [Anonymous Symbol]                       0x08006094   Section        0  usbh_ctlreq.o(.text.USBH_ParseDevDesc)
    USBH_ParseEPDesc                         0x08006169   Thumb Code   310  usbh_ctlreq.o(.text.USBH_ParseEPDesc)
    [Anonymous Symbol]                       0x08006168   Section        0  usbh_ctlreq.o(.text.USBH_ParseEPDesc)
    USBH_ParseInterfaceDesc                  0x080062a1   Thumb Code    82  usbh_ctlreq.o(.text.USBH_ParseInterfaceDesc)
    [Anonymous Symbol]                       0x080062a0   Section        0  usbh_ctlreq.o(.text.USBH_ParseInterfaceDesc)
    USBH_ParseStringDesc                     0x080062f5   Thumb Code   132  usbh_ctlreq.o(.text.USBH_ParseStringDesc)
    [Anonymous Symbol]                       0x080062f4   Section        0  usbh_ctlreq.o(.text.USBH_ParseStringDesc)
    [Anonymous Symbol]                       0x08006378   Section        0  usbh_core.o(.text.USBH_Process)
    [Anonymous Symbol]                       0x08006764   Section        0  usbh_core.o(.text.USBH_RegisterClass)
    [Anonymous Symbol]                       0x080067c0   Section        0  usbh_core.o(.text.USBH_SelectInterface)
    [Anonymous Symbol]                       0x08006810   Section        0  usbh_ctlreq.o(.text.USBH_SetAddress)
    [Anonymous Symbol]                       0x08006850   Section        0  usbh_ctlreq.o(.text.USBH_SetCfg)
    [Anonymous Symbol]                       0x08006890   Section        0  usbh_ctlreq.o(.text.USBH_SetFeature)
    [Anonymous Symbol]                       0x080068d0   Section        0  usbh_core.o(.text.USBH_Start)
    USBH_UserProcess                         0x080068ed   Thumb Code    84  usb_host.o(.text.USBH_UserProcess)
    [Anonymous Symbol]                       0x080068ec   Section        0  usb_host.o(.text.USBH_UserProcess)
    [Anonymous Symbol]                       0x08006940   Section        0  stm32f4xx_ll_usb.o(.text.USB_CoreInit)
    USB_CoreReset                            0x08006a3d   Thumb Code   130  stm32f4xx_ll_usb.o(.text.USB_CoreReset)
    [Anonymous Symbol]                       0x08006a3c   Section        0  stm32f4xx_ll_usb.o(.text.USB_CoreReset)
    [Anonymous Symbol]                       0x08006ac0   Section        0  stm32f4xx_ll_usb.o(.text.USB_DisableGlobalInt)
    [Anonymous Symbol]                       0x08006ad4   Section        0  stm32f4xx_ll_usb.o(.text.USB_DoPing)
    [Anonymous Symbol]                       0x08006b34   Section        0  stm32f4xx_ll_usb.o(.text.USB_DriveVbus)
    [Anonymous Symbol]                       0x08006b9c   Section        0  stm32f4xx_ll_usb.o(.text.USB_EnableGlobalInt)
    [Anonymous Symbol]                       0x08006bb0   Section        0  stm32f4xx_ll_usb.o(.text.USB_FlushRxFifo)
    [Anonymous Symbol]                       0x08006c30   Section        0  stm32f4xx_ll_usb.o(.text.USB_FlushTxFifo)
    [Anonymous Symbol]                       0x08006cb8   Section        0  stm32f4xx_ll_usb.o(.text.USB_GetCurrentFrame)
    [Anonymous Symbol]                       0x08006ccc   Section        0  stm32f4xx_ll_usb.o(.text.USB_GetHostSpeed)
    [Anonymous Symbol]                       0x08006cec   Section        0  stm32f4xx_ll_usb.o(.text.USB_GetMode)
    [Anonymous Symbol]                       0x08006cfc   Section        0  stm32f4xx_ll_usb.o(.text.USB_HC_Halt)
    [Anonymous Symbol]                       0x08006e9c   Section        0  stm32f4xx_ll_usb.o(.text.USB_HC_Init)
    [Anonymous Symbol]                       0x080070c0   Section        0  stm32f4xx_ll_usb.o(.text.USB_HC_ReadInterrupt)
    [Anonymous Symbol]                       0x080070d4   Section        0  stm32f4xx_ll_usb.o(.text.USB_HC_StartXfer)
    [Anonymous Symbol]                       0x0800734c   Section        0  stm32f4xx_ll_usb.o(.text.USB_HostInit)
    [Anonymous Symbol]                       0x080074f8   Section        0  stm32f4xx_ll_usb.o(.text.USB_InitFSLSPClkSel)
    [Anonymous Symbol]                       0x0800755c   Section        0  stm32f4xx_ll_usb.o(.text.USB_ReadInterrupts)
    [Anonymous Symbol]                       0x08007578   Section        0  stm32f4xx_ll_usb.o(.text.USB_ReadPacket)
    [Anonymous Symbol]                       0x0800762c   Section        0  stm32f4xx_ll_usb.o(.text.USB_ResetPort)
    [Anonymous Symbol]                       0x08007678   Section        0  stm32f4xx_ll_usb.o(.text.USB_SetCurrentMode)
    [Anonymous Symbol]                       0x08007758   Section        0  stm32f4xx_ll_usb.o(.text.USB_StopHost)
    [Anonymous Symbol]                       0x08007878   Section        0  stm32f4xx_ll_usb.o(.text.USB_WritePacket)
    [Anonymous Symbol]                       0x080078fc   Section        0  stm32f4xx_it.o(.text.UsageFault_Handler)
    __NVIC_EnableIRQ                         0x08007901   Thumb Code    48  stm32f4xx_hal_cortex.o(.text.__NVIC_EnableIRQ)
    [Anonymous Symbol]                       0x08007900   Section        0  stm32f4xx_hal_cortex.o(.text.__NVIC_EnableIRQ)
    __NVIC_GetPriorityGrouping               0x08007931   Thumb Code    16  stm32f4xx_hal_cortex.o(.text.__NVIC_GetPriorityGrouping)
    [Anonymous Symbol]                       0x08007930   Section        0  stm32f4xx_hal_cortex.o(.text.__NVIC_GetPriorityGrouping)
    __NVIC_SetPriority                       0x08007941   Thumb Code    66  stm32f4xx_hal_cortex.o(.text.__NVIC_SetPriority)
    [Anonymous Symbol]                       0x08007940   Section        0  stm32f4xx_hal_cortex.o(.text.__NVIC_SetPriority)
    __NVIC_SetPriorityGrouping               0x08007985   Thumb Code    60  stm32f4xx_hal_cortex.o(.text.__NVIC_SetPriorityGrouping)
    [Anonymous Symbol]                       0x08007984   Section        0  stm32f4xx_hal_cortex.o(.text.__NVIC_SetPriorityGrouping)
    [Anonymous Symbol]                       0x080079c0   Section        0  main.o(.text.main)
    $v0                                      0x080079ec   Number         0  fpinit.o(x$fpl$fpinit)
    x$fpl$fpinit                             0x080079ec   Section       26  fpinit.o(x$fpl$fpinit)
    [Anonymous Symbol]                       0x08007a1e   Section        0  usbh_cdc.o(.rodata.str1.1)
    .bss                                     0x20000030   Section       96  libspace.o(.bss)
    Heap_Mem                                 0x20000868   Data         512  startup_stm32f407xx.o(HEAP)
    HEAP                                     0x20000868   Section      512  startup_stm32f407xx.o(HEAP)
    Stack_Mem                                0x20000a68   Data        1024  startup_stm32f407xx.o(STACK)
    STACK                                    0x20000a68   Section     1024  startup_stm32f407xx.o(STACK)
    __initial_sp                             0x20000e68   Data           0  startup_stm32f407xx.o(STACK)

    Global Symbols

    Symbol Name                              Value     Ov Type        Size  Object(Section)

    BuildAttributes$$THM_ISAv4$E$P$D$K$B$S$7EM$VFPi3$EXTD16$VFPS$VFMA$PE$A:L22UL41UL21$X:L11$S22US41US21$IEEE1$IW$~IW$USESV6$~STKCKD$USESV7$~SHL$OTIME$ROPI$EBA8$UX$STANDARDLIB$REQ8$PRES8$EABIv2 0x00000000   Number         0  anon$$obj.o ABSOLUTE
    __ARM_exceptions_init                     - Undefined Weak Reference
    __alloca_initialize                       - Undefined Weak Reference
    __arm_preinit_                            - Undefined Weak Reference
    __arm_relocate_pie_                       - Undefined Weak Reference
    __cpp_initialize__aeabi_                  - Undefined Weak Reference
    __cxa_finalize                            - Undefined Weak Reference
    __rt_locale                               - Undefined Weak Reference
    __sigvec_lookup                           - Undefined Weak Reference
    __user_heap_extent                        - Undefined Weak Reference
    _atexit_init                              - Undefined Weak Reference
    _call_atexit_fns                          - Undefined Weak Reference
    _clock_init                               - Undefined Weak Reference
    _fp_trap_init                             - Undefined Weak Reference
    _fp_trap_shutdown                         - Undefined Weak Reference
    _get_lc_collate                           - Undefined Weak Reference
    _get_lc_ctype                             - Undefined Weak Reference
    _get_lc_monetary                          - Undefined Weak Reference
    _get_lc_numeric                           - Undefined Weak Reference
    _get_lc_time                              - Undefined Weak Reference
    _getenv_init                              - Undefined Weak Reference
    _handle_redirection                       - Undefined Weak Reference
    _initio                                   - Undefined Weak Reference
    _mutex_acquire                            - Undefined Weak Reference
    _mutex_free                               - Undefined Weak Reference
    _mutex_release                            - Undefined Weak Reference
    _rand_init                                - Undefined Weak Reference
    _signal_finish                            - Undefined Weak Reference
    _signal_init                              - Undefined Weak Reference
    _terminateio                              - Undefined Weak Reference
    __Vectors_Size                           0x00000188   Number         0  startup_stm32f407xx.o ABSOLUTE
    __Vectors                                0x08000000   Data           4  startup_stm32f407xx.o(RESET)
    __Vectors_End                            0x08000188   Data           0  startup_stm32f407xx.o(RESET)
    __main                                   0x08000189   Thumb Code     8  __main.o(!!!main)
    __scatterload                            0x08000191   Thumb Code     0  __scatter.o(!!!scatter)
    __scatterload_rt2                        0x08000191   Thumb Code    44  __scatter.o(!!!scatter)
    __scatterload_rt2_thumb_only             0x08000191   Thumb Code     0  __scatter.o(!!!scatter)
    __scatterload_null                       0x0800019f   Thumb Code     0  __scatter.o(!!!scatter)
    __scatterload_copy                       0x080001c5   Thumb Code    26  __scatter_copy.o(!!handler_copy)
    __scatterload_zeroinit                   0x080001e1   Thumb Code    28  __scatter_zi.o(!!handler_zi)
    __rt_lib_init                            0x080001fd   Thumb Code     0  libinit.o(.ARM.Collect$$libinit$$00000000)
    __rt_lib_init_fp_1                       0x080001ff   Thumb Code     0  libinit2.o(.ARM.Collect$$libinit$$00000001)
    __rt_lib_init_heap_2                     0x08000203   Thumb Code     0  libinit2.o(.ARM.Collect$$libinit$$00000007)
    __rt_lib_init_preinit_1                  0x08000203   Thumb Code     0  libinit2.o(.ARM.Collect$$libinit$$00000006)
    __rt_lib_init_relocate_pie_1             0x08000203   Thumb Code     0  libinit2.o(.ARM.Collect$$libinit$$00000004)
    __rt_lib_init_alloca_1                   0x0800020b   Thumb Code     0  libinit2.o(.ARM.Collect$$libinit$$00000030)
    __rt_lib_init_argv_1                     0x0800020b   Thumb Code     0  libinit2.o(.ARM.Collect$$libinit$$0000002E)
    __rt_lib_init_atexit_1                   0x0800020b   Thumb Code     0  libinit2.o(.ARM.Collect$$libinit$$0000001D)
    __rt_lib_init_clock_1                    0x0800020b   Thumb Code     0  libinit2.o(.ARM.Collect$$libinit$$00000023)
    __rt_lib_init_cpp_1                      0x0800020b   Thumb Code     0  libinit2.o(.ARM.Collect$$libinit$$00000034)
    __rt_lib_init_exceptions_1               0x0800020b   Thumb Code     0  libinit2.o(.ARM.Collect$$libinit$$00000032)
    __rt_lib_init_fp_trap_1                  0x0800020b   Thumb Code     0  libinit2.o(.ARM.Collect$$libinit$$00000021)
    __rt_lib_init_getenv_1                   0x0800020b   Thumb Code     0  libinit2.o(.ARM.Collect$$libinit$$00000025)
    __rt_lib_init_heap_1                     0x0800020b   Thumb Code     0  libinit2.o(.ARM.Collect$$libinit$$0000000C)
    __rt_lib_init_lc_collate_1               0x0800020b   Thumb Code     0  libinit2.o(.ARM.Collect$$libinit$$00000013)
    __rt_lib_init_lc_ctype_1                 0x0800020b   Thumb Code     0  libinit2.o(.ARM.Collect$$libinit$$00000015)
    __rt_lib_init_lc_monetary_1              0x0800020b   Thumb Code     0  libinit2.o(.ARM.Collect$$libinit$$00000017)
    __rt_lib_init_lc_numeric_1               0x0800020b   Thumb Code     0  libinit2.o(.ARM.Collect$$libinit$$00000019)
    __rt_lib_init_lc_time_1                  0x0800020b   Thumb Code     0  libinit2.o(.ARM.Collect$$libinit$$0000001B)
    __rt_lib_init_rand_1                     0x0800020b   Thumb Code     0  libinit2.o(.ARM.Collect$$libinit$$00000010)
    __rt_lib_init_return                     0x0800020b   Thumb Code     0  libinit2.o(.ARM.Collect$$libinit$$00000035)
    __rt_lib_init_signal_1                   0x0800020b   Thumb Code     0  libinit2.o(.ARM.Collect$$libinit$$0000001F)
    __rt_lib_init_stdio_1                    0x0800020b   Thumb Code     0  libinit2.o(.ARM.Collect$$libinit$$00000027)
    __rt_lib_init_user_alloc_1               0x0800020b   Thumb Code     0  libinit2.o(.ARM.Collect$$libinit$$0000000E)
    __rt_lib_shutdown                        0x0800020d   Thumb Code     0  libshutdown.o(.ARM.Collect$$libshutdown$$00000000)
    __rt_lib_shutdown_cpp_1                  0x0800020f   Thumb Code     0  libshutdown2.o(.ARM.Collect$$libshutdown$$00000002)
    __rt_lib_shutdown_fp_trap_1              0x0800020f   Thumb Code     0  libshutdown2.o(.ARM.Collect$$libshutdown$$00000007)
    __rt_lib_shutdown_heap_1                 0x0800020f   Thumb Code     0  libshutdown2.o(.ARM.Collect$$libshutdown$$0000000F)
    __rt_lib_shutdown_return                 0x0800020f   Thumb Code     0  libshutdown2.o(.ARM.Collect$$libshutdown$$00000010)
    __rt_lib_shutdown_signal_1               0x0800020f   Thumb Code     0  libshutdown2.o(.ARM.Collect$$libshutdown$$0000000A)
    __rt_lib_shutdown_stdio_1                0x0800020f   Thumb Code     0  libshutdown2.o(.ARM.Collect$$libshutdown$$00000004)
    __rt_lib_shutdown_user_alloc_1           0x0800020f   Thumb Code     0  libshutdown2.o(.ARM.Collect$$libshutdown$$0000000C)
    __rt_entry                               0x08000211   Thumb Code     0  __rtentry.o(.ARM.Collect$$rtentry$$00000000)
    __rt_entry_presh_1                       0x08000211   Thumb Code     0  __rtentry2.o(.ARM.Collect$$rtentry$$00000002)
    __rt_entry_sh                            0x08000211   Thumb Code     0  __rtentry4.o(.ARM.Collect$$rtentry$$00000004)
    __rt_entry_li                            0x08000217   Thumb Code     0  __rtentry2.o(.ARM.Collect$$rtentry$$0000000A)
    __rt_entry_postsh_1                      0x08000217   Thumb Code     0  __rtentry2.o(.ARM.Collect$$rtentry$$00000009)
    __rt_entry_main                          0x0800021b   Thumb Code     0  __rtentry2.o(.ARM.Collect$$rtentry$$0000000D)
    __rt_entry_postli_1                      0x0800021b   Thumb Code     0  __rtentry2.o(.ARM.Collect$$rtentry$$0000000C)
    __rt_exit                                0x08000223   Thumb Code     0  rtexit.o(.ARM.Collect$$rtexit$$00000000)
    __rt_exit_ls                             0x08000225   Thumb Code     0  rtexit2.o(.ARM.Collect$$rtexit$$00000003)
    __rt_exit_prels_1                        0x08000225   Thumb Code     0  rtexit2.o(.ARM.Collect$$rtexit$$00000002)
    __rt_exit_exit                           0x08000229   Thumb Code     0  rtexit2.o(.ARM.Collect$$rtexit$$00000004)
    Reset_Handler                            0x08000231   Thumb Code     8  startup_stm32f407xx.o(.text)
    ADC_IRQHandler                           0x0800024b   Thumb Code     0  startup_stm32f407xx.o(.text)
    CAN1_RX0_IRQHandler                      0x0800024b   Thumb Code     0  startup_stm32f407xx.o(.text)
    CAN1_RX1_IRQHandler                      0x0800024b   Thumb Code     0  startup_stm32f407xx.o(.text)
    CAN1_SCE_IRQHandler                      0x0800024b   Thumb Code     0  startup_stm32f407xx.o(.text)
    CAN1_TX_IRQHandler                       0x0800024b   Thumb Code     0  startup_stm32f407xx.o(.text)
    CAN2_RX0_IRQHandler                      0x0800024b   Thumb Code     0  startup_stm32f407xx.o(.text)
    CAN2_RX1_IRQHandler                      0x0800024b   Thumb Code     0  startup_stm32f407xx.o(.text)
    CAN2_SCE_IRQHandler                      0x0800024b   Thumb Code     0  startup_stm32f407xx.o(.text)
    CAN2_TX_IRQHandler                       0x0800024b   Thumb Code     0  startup_stm32f407xx.o(.text)
    DCMI_IRQHandler                          0x0800024b   Thumb Code     0  startup_stm32f407xx.o(.text)
    DMA1_Stream0_IRQHandler                  0x0800024b   Thumb Code     0  startup_stm32f407xx.o(.text)
    DMA1_Stream1_IRQHandler                  0x0800024b   Thumb Code     0  startup_stm32f407xx.o(.text)
    DMA1_Stream2_IRQHandler                  0x0800024b   Thumb Code     0  startup_stm32f407xx.o(.text)
    DMA1_Stream3_IRQHandler                  0x0800024b   Thumb Code     0  startup_stm32f407xx.o(.text)
    DMA1_Stream4_IRQHandler                  0x0800024b   Thumb Code     0  startup_stm32f407xx.o(.text)
    DMA1_Stream5_IRQHandler                  0x0800024b   Thumb Code     0  startup_stm32f407xx.o(.text)
    DMA1_Stream6_IRQHandler                  0x0800024b   Thumb Code     0  startup_stm32f407xx.o(.text)
    DMA1_Stream7_IRQHandler                  0x0800024b   Thumb Code     0  startup_stm32f407xx.o(.text)
    DMA2_Stream0_IRQHandler                  0x0800024b   Thumb Code     0  startup_stm32f407xx.o(.text)
    DMA2_Stream1_IRQHandler                  0x0800024b   Thumb Code     0  startup_stm32f407xx.o(.text)
    DMA2_Stream2_IRQHandler                  0x0800024b   Thumb Code     0  startup_stm32f407xx.o(.text)
    DMA2_Stream3_IRQHandler                  0x0800024b   Thumb Code     0  startup_stm32f407xx.o(.text)
    DMA2_Stream4_IRQHandler                  0x0800024b   Thumb Code     0  startup_stm32f407xx.o(.text)
    DMA2_Stream5_IRQHandler                  0x0800024b   Thumb Code     0  startup_stm32f407xx.o(.text)
    DMA2_Stream6_IRQHandler                  0x0800024b   Thumb Code     0  startup_stm32f407xx.o(.text)
    DMA2_Stream7_IRQHandler                  0x0800024b   Thumb Code     0  startup_stm32f407xx.o(.text)
    ETH_IRQHandler                           0x0800024b   Thumb Code     0  startup_stm32f407xx.o(.text)
    ETH_WKUP_IRQHandler                      0x0800024b   Thumb Code     0  startup_stm32f407xx.o(.text)
    EXTI0_IRQHandler                         0x0800024b   Thumb Code     0  startup_stm32f407xx.o(.text)
    EXTI15_10_IRQHandler                     0x0800024b   Thumb Code     0  startup_stm32f407xx.o(.text)
    EXTI1_IRQHandler                         0x0800024b   Thumb Code     0  startup_stm32f407xx.o(.text)
    EXTI2_IRQHandler                         0x0800024b   Thumb Code     0  startup_stm32f407xx.o(.text)
    EXTI3_IRQHandler                         0x0800024b   Thumb Code     0  startup_stm32f407xx.o(.text)
    EXTI4_IRQHandler                         0x0800024b   Thumb Code     0  startup_stm32f407xx.o(.text)
    EXTI9_5_IRQHandler                       0x0800024b   Thumb Code     0  startup_stm32f407xx.o(.text)
    FLASH_IRQHandler                         0x0800024b   Thumb Code     0  startup_stm32f407xx.o(.text)
    FMC_IRQHandler                           0x0800024b   Thumb Code     0  startup_stm32f407xx.o(.text)
    FPU_IRQHandler                           0x0800024b   Thumb Code     0  startup_stm32f407xx.o(.text)
    HASH_RNG_IRQHandler                      0x0800024b   Thumb Code     0  startup_stm32f407xx.o(.text)
    I2C1_ER_IRQHandler                       0x0800024b   Thumb Code     0  startup_stm32f407xx.o(.text)
    I2C1_EV_IRQHandler                       0x0800024b   Thumb Code     0  startup_stm32f407xx.o(.text)
    I2C2_ER_IRQHandler                       0x0800024b   Thumb Code     0  startup_stm32f407xx.o(.text)
    I2C2_EV_IRQHandler                       0x0800024b   Thumb Code     0  startup_stm32f407xx.o(.text)
    I2C3_ER_IRQHandler                       0x0800024b   Thumb Code     0  startup_stm32f407xx.o(.text)
    I2C3_EV_IRQHandler                       0x0800024b   Thumb Code     0  startup_stm32f407xx.o(.text)
    OTG_FS_WKUP_IRQHandler                   0x0800024b   Thumb Code     0  startup_stm32f407xx.o(.text)
    OTG_HS_EP1_IN_IRQHandler                 0x0800024b   Thumb Code     0  startup_stm32f407xx.o(.text)
    OTG_HS_EP1_OUT_IRQHandler                0x0800024b   Thumb Code     0  startup_stm32f407xx.o(.text)
    OTG_HS_IRQHandler                        0x0800024b   Thumb Code     0  startup_stm32f407xx.o(.text)
    OTG_HS_WKUP_IRQHandler                   0x0800024b   Thumb Code     0  startup_stm32f407xx.o(.text)
    PVD_IRQHandler                           0x0800024b   Thumb Code     0  startup_stm32f407xx.o(.text)
    RCC_IRQHandler                           0x0800024b   Thumb Code     0  startup_stm32f407xx.o(.text)
    RTC_Alarm_IRQHandler                     0x0800024b   Thumb Code     0  startup_stm32f407xx.o(.text)
    RTC_WKUP_IRQHandler                      0x0800024b   Thumb Code     0  startup_stm32f407xx.o(.text)
    SDIO_IRQHandler                          0x0800024b   Thumb Code     0  startup_stm32f407xx.o(.text)
    SPI1_IRQHandler                          0x0800024b   Thumb Code     0  startup_stm32f407xx.o(.text)
    SPI2_IRQHandler                          0x0800024b   Thumb Code     0  startup_stm32f407xx.o(.text)
    SPI3_IRQHandler                          0x0800024b   Thumb Code     0  startup_stm32f407xx.o(.text)
    TAMP_STAMP_IRQHandler                    0x0800024b   Thumb Code     0  startup_stm32f407xx.o(.text)
    TIM1_BRK_TIM9_IRQHandler                 0x0800024b   Thumb Code     0  startup_stm32f407xx.o(.text)
    TIM1_CC_IRQHandler                       0x0800024b   Thumb Code     0  startup_stm32f407xx.o(.text)
    TIM1_TRG_COM_TIM11_IRQHandler            0x0800024b   Thumb Code     0  startup_stm32f407xx.o(.text)
    TIM1_UP_TIM10_IRQHandler                 0x0800024b   Thumb Code     0  startup_stm32f407xx.o(.text)
    TIM2_IRQHandler                          0x0800024b   Thumb Code     0  startup_stm32f407xx.o(.text)
    TIM3_IRQHandler                          0x0800024b   Thumb Code     0  startup_stm32f407xx.o(.text)
    TIM4_IRQHandler                          0x0800024b   Thumb Code     0  startup_stm32f407xx.o(.text)
    TIM5_IRQHandler                          0x0800024b   Thumb Code     0  startup_stm32f407xx.o(.text)
    TIM6_DAC_IRQHandler                      0x0800024b   Thumb Code     0  startup_stm32f407xx.o(.text)
    TIM7_IRQHandler                          0x0800024b   Thumb Code     0  startup_stm32f407xx.o(.text)
    TIM8_BRK_TIM12_IRQHandler                0x0800024b   Thumb Code     0  startup_stm32f407xx.o(.text)
    TIM8_CC_IRQHandler                       0x0800024b   Thumb Code     0  startup_stm32f407xx.o(.text)
    TIM8_TRG_COM_TIM14_IRQHandler            0x0800024b   Thumb Code     0  startup_stm32f407xx.o(.text)
    TIM8_UP_TIM13_IRQHandler                 0x0800024b   Thumb Code     0  startup_stm32f407xx.o(.text)
    UART4_IRQHandler                         0x0800024b   Thumb Code     0  startup_stm32f407xx.o(.text)
    UART5_IRQHandler                         0x0800024b   Thumb Code     0  startup_stm32f407xx.o(.text)
    USART1_IRQHandler                        0x0800024b   Thumb Code     0  startup_stm32f407xx.o(.text)
    USART2_IRQHandler                        0x0800024b   Thumb Code     0  startup_stm32f407xx.o(.text)
    USART3_IRQHandler                        0x0800024b   Thumb Code     0  startup_stm32f407xx.o(.text)
    USART6_IRQHandler                        0x0800024b   Thumb Code     0  startup_stm32f407xx.o(.text)
    WWDG_IRQHandler                          0x0800024b   Thumb Code     0  startup_stm32f407xx.o(.text)
    __user_initial_stackheap                 0x0800024d   Thumb Code     0  startup_stm32f407xx.o(.text)
    malloc                                   0x08000271   Thumb Code    94  h1_alloc.o(.text)
    free                                     0x080002cf   Thumb Code    78  h1_free.o(.text)
    __aeabi_uldivmod                         0x0800031d   Thumb Code     0  lludivv7m.o(.text)
    _ll_udiv                                 0x0800031d   Thumb Code   240  lludivv7m.o(.text)
    __aeabi_memclr4                          0x0800040d   Thumb Code     0  rt_memclr_w.o(.text)
    __aeabi_memclr8                          0x0800040d   Thumb Code     0  rt_memclr_w.o(.text)
    __rt_memclr_w                            0x0800040d   Thumb Code     0  rt_memclr_w.o(.text)
    _memset_w                                0x08000411   Thumb Code    74  rt_memclr_w.o(.text)
    __use_two_region_memory                  0x0800045b   Thumb Code     2  heapauxi.o(.text)
    __rt_heap_escrow                         0x0800045d   Thumb Code     2  heapauxi.o(.text)
    __rt_heap_expand                         0x0800045f   Thumb Code     2  heapauxi.o(.text)
    __rt_heap_descriptor                     0x08000461   Thumb Code     8  rt_heap_descriptor_intlibspace.o(.text)
    __use_no_heap                            0x08000469   Thumb Code     2  hguard.o(.text)
    __heap$guard                             0x0800046b   Thumb Code     2  hguard.o(.text)
    _terminate_user_alloc                    0x0800046d   Thumb Code     2  init_alloc.o(.text)
    _init_user_alloc                         0x0800046f   Thumb Code     2  init_alloc.o(.text)
    __Heap_Full                              0x08000471   Thumb Code    34  init_alloc.o(.text)
    __Heap_Broken                            0x08000493   Thumb Code     6  init_alloc.o(.text)
    _init_alloc                              0x08000499   Thumb Code    94  init_alloc.o(.text)
    __Heap_Initialize                        0x080004f7   Thumb Code    10  h1_init.o(.text)
    __Heap_DescSize                          0x08000501   Thumb Code     4  h1_init.o(.text)
    __user_libspace                          0x08000505   Thumb Code     8  libspace.o(.text)
    __user_perproc_libspace                  0x08000505   Thumb Code     0  libspace.o(.text)
    __user_perthread_libspace                0x08000505   Thumb Code     0  libspace.o(.text)
    __Heap_ProvideMemory                     0x0800050d   Thumb Code    52  h1_extend.o(.text)
    _maybe_terminate_alloc                   0x0800050d   Thumb Code     0  maybetermalloc1.o(.text)
    __rt_SIGRTMEM                            0x08000541   Thumb Code    14  defsig_rtmem_outer.o(.text)
    __I$use$semihosting                      0x0800054f   Thumb Code     0  use_no_semi.o(.text)
    __use_no_semihosting_swi                 0x0800054f   Thumb Code     2  use_no_semi.o(.text)
    __semihosting_library_function           0x08000551   Thumb Code     0  indicate_semi.o(.text)
    __user_setup_stackheap                   0x08000551   Thumb Code    74  sys_stackheap_outer.o(.text)
    exit                                     0x0800059b   Thumb Code    18  exit.o(.text)
    __sig_exit                               0x080005ad   Thumb Code    10  defsig_exit.o(.text)
    __rt_SIGRTMEM_inner                      0x080005b9   Thumb Code    22  defsig_rtmem_inner.o(.text)
    _sys_exit                                0x08000609   Thumb Code     8  sys_exit.o(.text)
    __default_signal_display                 0x08000615   Thumb Code    50  defsig_general.o(.text)
    _ttywrch                                 0x08000647   Thumb Code    14  sys_wrch.o(.text)
    BusFault_Handler                         0x08000655   Thumb Code     4  stm32f4xx_it.o(.text.BusFault_Handler)
    DebugMon_Handler                         0x080008a5   Thumb Code     2  stm32f4xx_it.o(.text.DebugMon_Handler)
    Error_Handler                            0x080008a9   Thumb Code    14  main.o(.text.Error_Handler)
    HAL_Delay                                0x080008e9   Thumb Code    66  stm32f4xx_hal.o(.text.HAL_Delay)
    HAL_GPIO_Init                            0x0800092d   Thumb Code   950  stm32f4xx_hal_gpio.o(.text.HAL_GPIO_Init)
    HAL_GPIO_WritePin                        0x08000ce5   Thumb Code    46  stm32f4xx_hal_gpio.o(.text.HAL_GPIO_WritePin)
    HAL_GetTick                              0x08000d15   Thumb Code    12  stm32f4xx_hal.o(.text.HAL_GetTick)
    HAL_HCD_Connect_Callback                 0x08000d21   Thumb Code    20  usbh_conf.o(.text.HAL_HCD_Connect_Callback)
    HAL_HCD_Disconnect_Callback              0x08000d35   Thumb Code    20  usbh_conf.o(.text.HAL_HCD_Disconnect_Callback)
    HAL_HCD_GetCurrentFrame                  0x08000d49   Thumb Code    18  stm32f4xx_hal_hcd.o(.text.HAL_HCD_GetCurrentFrame)
    HAL_HCD_GetCurrentSpeed                  0x08000d5d   Thumb Code    18  stm32f4xx_hal_hcd.o(.text.HAL_HCD_GetCurrentSpeed)
    HAL_HCD_HC_GetURBState                   0x08000d71   Thumb Code    28  stm32f4xx_hal_hcd.o(.text.HAL_HCD_HC_GetURBState)
    HAL_HCD_HC_GetXferCount                  0x08000d8d   Thumb Code    26  stm32f4xx_hal_hcd.o(.text.HAL_HCD_HC_GetXferCount)
    HAL_HCD_HC_Halt                          0x08000da9   Thumb Code    92  stm32f4xx_hal_hcd.o(.text.HAL_HCD_HC_Halt)
    HAL_HCD_HC_Init                          0x08000e05   Thumb Code   336  stm32f4xx_hal_hcd.o(.text.HAL_HCD_HC_Init)
    HAL_HCD_HC_NotifyURBChange_Callback      0x08000f55   Thumb Code    16  usbh_conf.o(.text.HAL_HCD_HC_NotifyURBChange_Callback)
    HAL_HCD_HC_SubmitRequest                 0x08000f65   Thumb Code   684  stm32f4xx_hal_hcd.o(.text.HAL_HCD_HC_SubmitRequest)
    HAL_HCD_IRQHandler                       0x08001211   Thumb Code   472  stm32f4xx_hal_hcd.o(.text.HAL_HCD_IRQHandler)
    HAL_HCD_Init                             0x080013e9   Thumb Code   328  stm32f4xx_hal_hcd.o(.text.HAL_HCD_Init)
    HAL_HCD_MspInit                          0x08001531   Thumb Code   200  usbh_conf.o(.text.HAL_HCD_MspInit)
    HAL_HCD_PortDisabled_Callback            0x080015f9   Thumb Code    20  usbh_conf.o(.text.HAL_HCD_PortDisabled_Callback)
    HAL_HCD_PortEnabled_Callback             0x0800160d   Thumb Code    20  usbh_conf.o(.text.HAL_HCD_PortEnabled_Callback)
    HAL_HCD_ResetPort                        0x08001621   Thumb Code    18  stm32f4xx_hal_hcd.o(.text.HAL_HCD_ResetPort)
    HAL_HCD_SOF_Callback                     0x08001635   Thumb Code    20  usbh_conf.o(.text.HAL_HCD_SOF_Callback)
    HAL_HCD_Start                            0x08001649   Thumb Code    86  stm32f4xx_hal_hcd.o(.text.HAL_HCD_Start)
    HAL_HCD_Stop                             0x080016a1   Thumb Code    76  stm32f4xx_hal_hcd.o(.text.HAL_HCD_Stop)
    HAL_I2C_Init                             0x080016ed   Thumb Code   676  stm32f4xx_hal_i2c.o(.text.HAL_I2C_Init)
    HAL_I2C_MspInit                          0x08001991   Thumb Code   146  i2c.o(.text.HAL_I2C_MspInit)
    HAL_I2SEx_FullDuplex_IRQHandler          0x08001a25   Thumb Code   666  stm32f4xx_hal_i2s_ex.o(.text.HAL_I2SEx_FullDuplex_IRQHandler)
    HAL_I2SEx_TxRxCpltCallback               0x08001cc1   Thumb Code     8  stm32f4xx_hal_i2s_ex.o(.text.HAL_I2SEx_TxRxCpltCallback)
    HAL_I2S_ErrorCallback                    0x08001cc9   Thumb Code     8  stm32f4xx_hal_i2s.o(.text.HAL_I2S_ErrorCallback)
    HAL_I2S_Init                             0x08001cd1   Thumb Code   658  stm32f4xx_hal_i2s.o(.text.HAL_I2S_Init)
    HAL_I2S_MspInit                          0x08001f65   Thumb Code   256  i2s.o(.text.HAL_I2S_MspInit)
    HAL_I2S_RxCpltCallback                   0x08002065   Thumb Code     8  stm32f4xx_hal_i2s.o(.text.HAL_I2S_RxCpltCallback)
    HAL_I2S_TxCpltCallback                   0x0800206d   Thumb Code     8  stm32f4xx_hal_i2s.o(.text.HAL_I2S_TxCpltCallback)
    HAL_IncTick                              0x08002075   Thumb Code    26  stm32f4xx_hal.o(.text.HAL_IncTick)
    HAL_Init                                 0x08002091   Thumb Code    60  stm32f4xx_hal.o(.text.HAL_Init)
    HAL_InitTick                             0x080020cd   Thumb Code   112  stm32f4xx_hal.o(.text.HAL_InitTick)
    HAL_MspInit                              0x0800213d   Thumb Code    82  stm32f4xx_hal_msp.o(.text.HAL_MspInit)
    HAL_NVIC_EnableIRQ                       0x08002191   Thumb Code    20  stm32f4xx_hal_cortex.o(.text.HAL_NVIC_EnableIRQ)
    HAL_NVIC_SetPriority                     0x080021a5   Thumb Code    50  stm32f4xx_hal_cortex.o(.text.HAL_NVIC_SetPriority)
    HAL_NVIC_SetPriorityGrouping             0x080021d9   Thumb Code    16  stm32f4xx_hal_cortex.o(.text.HAL_NVIC_SetPriorityGrouping)
    HAL_RCCEx_GetPeriphCLKFreq               0x080021e9   Thumb Code   194  stm32f4xx_hal_rcc_ex.o(.text.HAL_RCCEx_GetPeriphCLKFreq)
    HAL_RCCEx_PeriphCLKConfig                0x080022ad   Thumb Code   564  stm32f4xx_hal_rcc_ex.o(.text.HAL_RCCEx_PeriphCLKConfig)
    HAL_RCC_ClockConfig                      0x080024e1   Thumb Code   610  stm32f4xx_hal_rcc.o(.text.HAL_RCC_ClockConfig)
    HAL_RCC_GetHCLKFreq                      0x08002745   Thumb Code    12  stm32f4xx_hal_rcc.o(.text.HAL_RCC_GetHCLKFreq)
    HAL_RCC_GetPCLK1Freq                     0x08002751   Thumb Code    34  stm32f4xx_hal_rcc.o(.text.HAL_RCC_GetPCLK1Freq)
    HAL_RCC_GetSysClockFreq                  0x08002775   Thumb Code   230  stm32f4xx_hal_rcc.o(.text.HAL_RCC_GetSysClockFreq)
    HAL_RCC_OscConfig                        0x0800285d   Thumb Code  1726  stm32f4xx_hal_rcc.o(.text.HAL_RCC_OscConfig)
    HAL_SPI_Init                             0x08002f1d   Thumb Code   256  stm32f4xx_hal_spi.o(.text.HAL_SPI_Init)
    HAL_SPI_MspInit                          0x0800301d   Thumb Code   140  spi.o(.text.HAL_SPI_MspInit)
    HAL_SYSTICK_Config                       0x080030a9   Thumb Code    16  stm32f4xx_hal_cortex.o(.text.HAL_SYSTICK_Config)
    HardFault_Handler                        0x08003e41   Thumb Code     4  stm32f4xx_it.o(.text.HardFault_Handler)
    MX_DriverVbusFS                          0x080041bd   Thumb Code    62  usbh_platform.o(.text.MX_DriverVbusFS)
    MX_GPIO_Init                             0x080041fd   Thumb Code   518  gpio.o(.text.MX_GPIO_Init)
    MX_I2C1_Init                             0x08004405   Thumb Code    72  i2c.o(.text.MX_I2C1_Init)
    MX_I2S3_Init                             0x0800444d   Thumb Code    72  i2s.o(.text.MX_I2S3_Init)
    MX_SPI1_Init                             0x08004495   Thumb Code    78  spi.o(.text.MX_SPI1_Init)
    MX_USB_HOST_Init                         0x080044e5   Thumb Code    88  usb_host.o(.text.MX_USB_HOST_Init)
    MX_USB_HOST_Process                      0x0800453d   Thumb Code    16  usb_host.o(.text.MX_USB_HOST_Process)
    MemManage_Handler                        0x0800454d   Thumb Code     4  stm32f4xx_it.o(.text.MemManage_Handler)
    NMI_Handler                              0x08004551   Thumb Code     4  stm32f4xx_it.o(.text.NMI_Handler)
    OTG_FS_IRQHandler                        0x080045c1   Thumb Code    16  stm32f4xx_it.o(.text.OTG_FS_IRQHandler)
    PendSV_Handler                           0x080045d1   Thumb Code     2  stm32f4xx_it.o(.text.PendSV_Handler)
    SVC_Handler                              0x080045d5   Thumb Code     2  stm32f4xx_it.o(.text.SVC_Handler)
    SysTick_Handler                          0x0800465d   Thumb Code     8  stm32f4xx_it.o(.text.SysTick_Handler)
    SystemClock_Config                       0x08004665   Thumb Code   190  main.o(.text.SystemClock_Config)
    SystemInit                               0x08004725   Thumb Code    18  system_stm32f4xx.o(.text.SystemInit)
    USBH_AllocPipe                           0x08004739   Thumb Code    70  usbh_pipes.o(.text.USBH_AllocPipe)
    USBH_BulkReceiveData                     0x08004781   Thumb Code    64  usbh_ioreq.o(.text.USBH_BulkReceiveData)
    USBH_BulkSendData                        0x080047c1   Thumb Code    92  usbh_ioreq.o(.text.USBH_BulkSendData)
    USBH_CDC_LineCodingChanged               0x08004bcd   Thumb Code     8  usbh_cdc.o(.text.USBH_CDC_LineCodingChanged)
    USBH_CDC_ReceiveCallback                 0x08004d05   Thumb Code     8  usbh_cdc.o(.text.USBH_CDC_ReceiveCallback)
    USBH_CDC_TransmitCallback                0x08004d19   Thumb Code     8  usbh_cdc.o(.text.USBH_CDC_TransmitCallback)
    USBH_ClosePipe                           0x08004d21   Thumb Code    26  usbh_pipes.o(.text.USBH_ClosePipe)
    USBH_ClrFeature                          0x08004d3d   Thumb Code    66  usbh_ctlreq.o(.text.USBH_ClrFeature)
    USBH_CtlReceiveData                      0x08004d81   Thumb Code    62  usbh_ioreq.o(.text.USBH_CtlReceiveData)
    USBH_CtlReq                              0x08004dc1   Thumb Code   148  usbh_ctlreq.o(.text.USBH_CtlReq)
    USBH_CtlSendData                         0x08004e55   Thumb Code    92  usbh_ioreq.o(.text.USBH_CtlSendData)
    USBH_CtlSendSetup                        0x08004eb1   Thumb Code    56  usbh_ioreq.o(.text.USBH_CtlSendSetup)
    USBH_Delay                               0x08004ee9   Thumb Code    16  usbh_conf.o(.text.USBH_Delay)
    USBH_FindInterface                       0x08004ef9   Thumb Code   170  usbh_core.o(.text.USBH_FindInterface)
    USBH_FreePipe                            0x08004fa5   Thumb Code    48  usbh_pipes.o(.text.USBH_FreePipe)
    USBH_GetDescriptor                       0x08004fd5   Thumb Code   122  usbh_ctlreq.o(.text.USBH_GetDescriptor)
    USBH_GetNextDesc                         0x080050ad   Thumb Code    32  usbh_ctlreq.o(.text.USBH_GetNextDesc)
    USBH_Get_CfgDesc                         0x080050cd   Thumb Code    76  usbh_ctlreq.o(.text.USBH_Get_CfgDesc)
    USBH_Get_DevDesc                         0x08005119   Thumb Code    74  usbh_ctlreq.o(.text.USBH_Get_DevDesc)
    USBH_Get_StringDesc                      0x08005165   Thumb Code    84  usbh_ctlreq.o(.text.USBH_Get_StringDesc)
    USBH_Get_USB_Status                      0x080051b9   Thumb Code    82  usbh_conf.o(.text.USBH_Get_USB_Status)
    USBH_Init                                0x08005955   Thumb Code   126  usbh_core.o(.text.USBH_Init)
    USBH_LL_ClosePipe                        0x080059d5   Thumb Code    58  usbh_conf.o(.text.USBH_LL_ClosePipe)
    USBH_LL_Connect                          0x08005a11   Thumb Code    30  usbh_core.o(.text.USBH_LL_Connect)
    USBH_LL_Disconnect                       0x08005a31   Thumb Code    58  usbh_core.o(.text.USBH_LL_Disconnect)
    USBH_LL_DriverVBUS                       0x08005a6d   Thumb Code    44  usbh_conf.o(.text.USBH_LL_DriverVBUS)
    USBH_LL_GetLastXferSize                  0x08005a99   Thumb Code    28  usbh_conf.o(.text.USBH_LL_GetLastXferSize)
    USBH_LL_GetSpeed                         0x08005ab5   Thumb Code    86  usbh_conf.o(.text.USBH_LL_GetSpeed)
    USBH_LL_GetURBState                      0x08005b0d   Thumb Code    28  usbh_conf.o(.text.USBH_LL_GetURBState)
    USBH_LL_IncTimer                         0x08005b29   Thumb Code    28  usbh_core.o(.text.USBH_LL_IncTimer)
    USBH_LL_Init                             0x08005b45   Thumb Code   110  usbh_conf.o(.text.USBH_LL_Init)
    USBH_LL_OpenPipe                         0x08005bb5   Thumb Code   124  usbh_conf.o(.text.USBH_LL_OpenPipe)
    USBH_LL_PortDisabled                     0x08005c31   Thumb Code    16  usbh_core.o(.text.USBH_LL_PortDisabled)
    USBH_LL_PortEnabled                      0x08005c41   Thumb Code    16  usbh_core.o(.text.USBH_LL_PortEnabled)
    USBH_LL_ResetPort                        0x08005c51   Thumb Code    50  usbh_conf.o(.text.USBH_LL_ResetPort)
    USBH_LL_SetTimer                         0x08005c85   Thumb Code    18  usbh_core.o(.text.USBH_LL_SetTimer)
    USBH_LL_SetToggle                        0x08005c99   Thumb Code    90  usbh_conf.o(.text.USBH_LL_SetToggle)
    USBH_LL_Start                            0x08005cf5   Thumb Code    50  usbh_conf.o(.text.USBH_LL_Start)
    USBH_LL_Stop                             0x08005d29   Thumb Code    50  usbh_conf.o(.text.USBH_LL_Stop)
    USBH_LL_SubmitURB                        0x08005d5d   Thumb Code   132  usbh_conf.o(.text.USBH_LL_SubmitURB)
    USBH_OpenPipe                            0x08005de1   Thumb Code    92  usbh_pipes.o(.text.USBH_OpenPipe)
    USBH_Process                             0x08006379   Thumb Code  1004  usbh_core.o(.text.USBH_Process)
    USBH_RegisterClass                       0x08006765   Thumb Code    92  usbh_core.o(.text.USBH_RegisterClass)
    USBH_SelectInterface                     0x080067c1   Thumb Code    78  usbh_core.o(.text.USBH_SelectInterface)
    USBH_SetAddress                          0x08006811   Thumb Code    64  usbh_ctlreq.o(.text.USBH_SetAddress)
    USBH_SetCfg                              0x08006851   Thumb Code    64  usbh_ctlreq.o(.text.USBH_SetCfg)
    USBH_SetFeature                          0x08006891   Thumb Code    64  usbh_ctlreq.o(.text.USBH_SetFeature)
    USBH_Start                               0x080068d1   Thumb Code    26  usbh_core.o(.text.USBH_Start)
    USB_CoreInit                             0x08006941   Thumb Code   252  stm32f4xx_ll_usb.o(.text.USB_CoreInit)
    USB_DisableGlobalInt                     0x08006ac1   Thumb Code    20  stm32f4xx_ll_usb.o(.text.USB_DisableGlobalInt)
    USB_DoPing                               0x08006ad5   Thumb Code    94  stm32f4xx_ll_usb.o(.text.USB_DoPing)
    USB_DriveVbus                            0x08006b35   Thumb Code   104  stm32f4xx_ll_usb.o(.text.USB_DriveVbus)
    USB_EnableGlobalInt                      0x08006b9d   Thumb Code    20  stm32f4xx_ll_usb.o(.text.USB_EnableGlobalInt)
    USB_FlushRxFifo                          0x08006bb1   Thumb Code   128  stm32f4xx_ll_usb.o(.text.USB_FlushRxFifo)
    USB_FlushTxFifo                          0x08006c31   Thumb Code   134  stm32f4xx_ll_usb.o(.text.USB_FlushTxFifo)
    USB_GetCurrentFrame                      0x08006cb9   Thumb Code    20  stm32f4xx_ll_usb.o(.text.USB_GetCurrentFrame)
    USB_GetHostSpeed                         0x08006ccd   Thumb Code    30  stm32f4xx_ll_usb.o(.text.USB_GetHostSpeed)
    USB_GetMode                              0x08006ced   Thumb Code    16  stm32f4xx_ll_usb.o(.text.USB_GetMode)
    USB_HC_Halt                              0x08006cfd   Thumb Code   416  stm32f4xx_ll_usb.o(.text.USB_HC_Halt)
    USB_HC_Init                              0x08006e9d   Thumb Code   546  stm32f4xx_ll_usb.o(.text.USB_HC_Init)
    USB_HC_ReadInterrupt                     0x080070c1   Thumb Code    20  stm32f4xx_ll_usb.o(.text.USB_HC_ReadInterrupt)
    USB_HC_StartXfer                         0x080070d5   Thumb Code   630  stm32f4xx_ll_usb.o(.text.USB_HC_StartXfer)
    USB_HostInit                             0x0800734d   Thumb Code   428  stm32f4xx_ll_usb.o(.text.USB_HostInit)
    USB_InitFSLSPClkSel                      0x080074f9   Thumb Code   100  stm32f4xx_ll_usb.o(.text.USB_InitFSLSPClkSel)
    USB_ReadInterrupts                       0x0800755d   Thumb Code    26  stm32f4xx_ll_usb.o(.text.USB_ReadInterrupts)
    USB_ReadPacket                           0x08007579   Thumb Code   180  stm32f4xx_ll_usb.o(.text.USB_ReadPacket)
    USB_ResetPort                            0x0800762d   Thumb Code    74  stm32f4xx_ll_usb.o(.text.USB_ResetPort)
    USB_SetCurrentMode                       0x08007679   Thumb Code   222  stm32f4xx_ll_usb.o(.text.USB_SetCurrentMode)
    USB_StopHost                             0x08007759   Thumb Code   288  stm32f4xx_ll_usb.o(.text.USB_StopHost)
    USB_WritePacket                          0x08007879   Thumb Code   130  stm32f4xx_ll_usb.o(.text.USB_WritePacket)
    UsageFault_Handler                       0x080078fd   Thumb Code     4  stm32f4xx_it.o(.text.UsageFault_Handler)
    main                                     0x080079c1   Thumb Code    44  main.o(.text.main)
    _fp_init                                 0x080079ed   Thumb Code    26  fpinit.o(x$fpl$fpinit)
    __fplib_config_fpu_vfp                   0x08007a05   Thumb Code     0  fpinit.o(x$fpl$fpinit)
    __fplib_config_pureend_doubles           0x08007a05   Thumb Code     0  fpinit.o(x$fpl$fpinit)
    AHBPrescTable                            0x08007a06   Data          16  system_stm32f4xx.o(.rodata.AHBPrescTable)
    APBPrescTable                            0x08007a16   Data           8  system_stm32f4xx.o(.rodata.APBPrescTable)
    Region$$Table$$Base                      0x08007a24   Number         0  anon$$obj.o(Region$$Table)
    Region$$Table$$Limit                     0x08007a44   Number         0  anon$$obj.o(Region$$Table)
    CDC_Class                                0x20000000   Data          32  usbh_cdc.o(.data.CDC_Class)
    SystemCoreClock                          0x20000020   Data           4  system_stm32f4xx.o(.data.SystemCoreClock)
    uwTickFreq                               0x20000024   Data           1  stm32f4xx_hal.o(.data.uwTickFreq)
    uwTickPrio                               0x20000028   Data           4  stm32f4xx_hal.o(.data.uwTickPrio)
    __libspace_start                         0x20000030   Data          96  libspace.o(.bss)
    Appli_state                              0x20000090   Data           1  usb_host.o(.bss.Appli_state)
    __temporary_stack_top$libspace           0x20000090   Data           0  libspace.o(.bss)
    hUsbHostFS                               0x20000094   Data         984  usb_host.o(.bss.hUsbHostFS)
    hhcd_USB_OTG_FS                          0x2000046c   Data         772  usbh_conf.o(.bss.hhcd_USB_OTG_FS)
    hi2c1                                    0x20000770   Data          84  i2c.o(.bss.hi2c1)
    hi2s3                                    0x200007c4   Data          72  i2s.o(.bss.hi2s3)
    hspi1                                    0x2000080c   Data          88  spi.o(.bss.hspi1)
    uwTick                                   0x20000864   Data           4  stm32f4xx_hal.o(.bss.uwTick)



==============================================================================

Memory Map of the image

  Image Entry point : 0x08000189

  Load Region LR_IROM1 (Base: 0x08000000, Size: 0x00007a78, Max: 0x00100000, ABSOLUTE)

    Execution Region ER_IROM1 (Exec base: 0x08000000, Load base: 0x08000000, Size: 0x00007a44, Max: 0x00100000, ABSOLUTE)

    Exec Addr    Load Addr    Size         Type   Attr      Idx    E Section Name        Object

    0x08000000   0x08000000   0x00000188   Data   RO            3    RESET               startup_stm32f407xx.o
    0x08000188   0x08000188   0x00000008   Code   RO         1440  * !!!main             c_w.l(__main.o)
    0x08000190   0x08000190   0x00000034   Code   RO         1659    !!!scatter          c_w.l(__scatter.o)
    0x080001c4   0x080001c4   0x0000001a   Code   RO         1661    !!handler_copy      c_w.l(__scatter_copy.o)
    0x080001de   0x080001de   0x00000002   PAD
    0x080001e0   0x080001e0   0x0000001c   Code   RO         1663    !!handler_zi        c_w.l(__scatter_zi.o)
    0x080001fc   0x080001fc   0x00000002   Code   RO         1594    .ARM.Collect$$libinit$$00000000  c_w.l(libinit.o)
    0x080001fe   0x080001fe   0x00000004   Code   RO         1476    .ARM.Collect$$libinit$$00000001  c_w.l(libinit2.o)
    0x08000202   0x08000202   0x00000000   Code   RO         1479    .ARM.Collect$$libinit$$00000004  c_w.l(libinit2.o)
    0x08000202   0x08000202   0x00000000   Code   RO         1481    .ARM.Collect$$libinit$$00000006  c_w.l(libinit2.o)
    0x08000202   0x08000202   0x00000008   Code   RO         1482    .ARM.Collect$$libinit$$00000007  c_w.l(libinit2.o)
    0x0800020a   0x0800020a   0x00000000   Code   RO         1484    .ARM.Collect$$libinit$$0000000C  c_w.l(libinit2.o)
    0x0800020a   0x0800020a   0x00000000   Code   RO         1486    .ARM.Collect$$libinit$$0000000E  c_w.l(libinit2.o)
    0x0800020a   0x0800020a   0x00000000   Code   RO         1488    .ARM.Collect$$libinit$$00000010  c_w.l(libinit2.o)
    0x0800020a   0x0800020a   0x00000000   Code   RO         1491    .ARM.Collect$$libinit$$00000013  c_w.l(libinit2.o)
    0x0800020a   0x0800020a   0x00000000   Code   RO         1493    .ARM.Collect$$libinit$$00000015  c_w.l(libinit2.o)
    0x0800020a   0x0800020a   0x00000000   Code   RO         1495    .ARM.Collect$$libinit$$00000017  c_w.l(libinit2.o)
    0x0800020a   0x0800020a   0x00000000   Code   RO         1497    .ARM.Collect$$libinit$$00000019  c_w.l(libinit2.o)
    0x0800020a   0x0800020a   0x00000000   Code   RO         1499    .ARM.Collect$$libinit$$0000001B  c_w.l(libinit2.o)
    0x0800020a   0x0800020a   0x00000000   Code   RO         1501    .ARM.Collect$$libinit$$0000001D  c_w.l(libinit2.o)
    0x0800020a   0x0800020a   0x00000000   Code   RO         1503    .ARM.Collect$$libinit$$0000001F  c_w.l(libinit2.o)
    0x0800020a   0x0800020a   0x00000000   Code   RO         1505    .ARM.Collect$$libinit$$00000021  c_w.l(libinit2.o)
    0x0800020a   0x0800020a   0x00000000   Code   RO         1507    .ARM.Collect$$libinit$$00000023  c_w.l(libinit2.o)
    0x0800020a   0x0800020a   0x00000000   Code   RO         1509    .ARM.Collect$$libinit$$00000025  c_w.l(libinit2.o)
    0x0800020a   0x0800020a   0x00000000   Code   RO         1511    .ARM.Collect$$libinit$$00000027  c_w.l(libinit2.o)
    0x0800020a   0x0800020a   0x00000000   Code   RO         1515    .ARM.Collect$$libinit$$0000002E  c_w.l(libinit2.o)
    0x0800020a   0x0800020a   0x00000000   Code   RO         1517    .ARM.Collect$$libinit$$00000030  c_w.l(libinit2.o)
    0x0800020a   0x0800020a   0x00000000   Code   RO         1519    .ARM.Collect$$libinit$$00000032  c_w.l(libinit2.o)
    0x0800020a   0x0800020a   0x00000000   Code   RO         1521    .ARM.Collect$$libinit$$00000034  c_w.l(libinit2.o)
    0x0800020a   0x0800020a   0x00000002   Code   RO         1522    .ARM.Collect$$libinit$$00000035  c_w.l(libinit2.o)
    0x0800020c   0x0800020c   0x00000002   Code   RO         1656    .ARM.Collect$$libshutdown$$00000000  c_w.l(libshutdown.o)
    0x0800020e   0x0800020e   0x00000000   Code   RO         1612    .ARM.Collect$$libshutdown$$00000002  c_w.l(libshutdown2.o)
    0x0800020e   0x0800020e   0x00000000   Code   RO         1614    .ARM.Collect$$libshutdown$$00000004  c_w.l(libshutdown2.o)
    0x0800020e   0x0800020e   0x00000000   Code   RO         1617    .ARM.Collect$$libshutdown$$00000007  c_w.l(libshutdown2.o)
    0x0800020e   0x0800020e   0x00000000   Code   RO         1620    .ARM.Collect$$libshutdown$$0000000A  c_w.l(libshutdown2.o)
    0x0800020e   0x0800020e   0x00000000   Code   RO         1622    .ARM.Collect$$libshutdown$$0000000C  c_w.l(libshutdown2.o)
    0x0800020e   0x0800020e   0x00000000   Code   RO         1625    .ARM.Collect$$libshutdown$$0000000F  c_w.l(libshutdown2.o)
    0x0800020e   0x0800020e   0x00000002   Code   RO         1626    .ARM.Collect$$libshutdown$$00000010  c_w.l(libshutdown2.o)
    0x08000210   0x08000210   0x00000000   Code   RO         1444    .ARM.Collect$$rtentry$$00000000  c_w.l(__rtentry.o)
    0x08000210   0x08000210   0x00000000   Code   RO         1531    .ARM.Collect$$rtentry$$00000002  c_w.l(__rtentry2.o)
    0x08000210   0x08000210   0x00000006   Code   RO         1543    .ARM.Collect$$rtentry$$00000004  c_w.l(__rtentry4.o)
    0x08000216   0x08000216   0x00000000   Code   RO         1533    .ARM.Collect$$rtentry$$00000009  c_w.l(__rtentry2.o)
    0x08000216   0x08000216   0x00000004   Code   RO         1534    .ARM.Collect$$rtentry$$0000000A  c_w.l(__rtentry2.o)
    0x0800021a   0x0800021a   0x00000000   Code   RO         1536    .ARM.Collect$$rtentry$$0000000C  c_w.l(__rtentry2.o)
    0x0800021a   0x0800021a   0x00000008   Code   RO         1537    .ARM.Collect$$rtentry$$0000000D  c_w.l(__rtentry2.o)
    0x08000222   0x08000222   0x00000002   Code   RO         1599    .ARM.Collect$$rtexit$$00000000  c_w.l(rtexit.o)
    0x08000224   0x08000224   0x00000000   Code   RO         1632    .ARM.Collect$$rtexit$$00000002  c_w.l(rtexit2.o)
    0x08000224   0x08000224   0x00000004   Code   RO         1633    .ARM.Collect$$rtexit$$00000003  c_w.l(rtexit2.o)
    0x08000228   0x08000228   0x00000006   Code   RO         1634    .ARM.Collect$$rtexit$$00000004  c_w.l(rtexit2.o)
    0x0800022e   0x0800022e   0x00000002   PAD
    0x08000230   0x08000230   0x00000040   Code   RO            4    .text               startup_stm32f407xx.o
    0x08000270   0x08000270   0x0000005e   Code   RO         1376    .text               c_w.l(h1_alloc.o)
    0x080002ce   0x080002ce   0x0000004e   Code   RO         1378    .text               c_w.l(h1_free.o)
    0x0800031c   0x0800031c   0x000000f0   Code   RO         1434    .text               c_w.l(lludivv7m.o)
    0x0800040c   0x0800040c   0x0000004e   Code   RO         1436    .text               c_w.l(rt_memclr_w.o)
    0x0800045a   0x0800045a   0x00000006   Code   RO         1438    .text               c_w.l(heapauxi.o)
    0x08000460   0x08000460   0x00000008   Code   RO         1452    .text               c_w.l(rt_heap_descriptor_intlibspace.o)
    0x08000468   0x08000468   0x00000004   Code   RO         1454    .text               c_w.l(hguard.o)
    0x0800046c   0x0800046c   0x0000008a   Code   RO         1456    .text               c_w.l(init_alloc.o)
    0x080004f6   0x080004f6   0x0000000e   Code   RO         1460    .text               c_w.l(h1_init.o)
    0x08000504   0x08000504   0x00000008   Code   RO         1527    .text               c_w.l(libspace.o)
    0x0800050c   0x0800050c   0x00000000   Code   RO         1549    .text               c_w.l(maybetermalloc1.o)
    0x0800050c   0x0800050c   0x00000034   Code   RO         1551    .text               c_w.l(h1_extend.o)
    0x08000540   0x08000540   0x0000000e   Code   RO         1555    .text               c_w.l(defsig_rtmem_outer.o)
    0x0800054e   0x0800054e   0x00000002   Code   RO         1566    .text               c_w.l(use_no_semi.o)
    0x08000550   0x08000550   0x00000000   Code   RO         1568    .text               c_w.l(indicate_semi.o)
    0x08000550   0x08000550   0x0000004a   Code   RO         1569    .text               c_w.l(sys_stackheap_outer.o)
    0x0800059a   0x0800059a   0x00000012   Code   RO         1575    .text               c_w.l(exit.o)
    0x080005ac   0x080005ac   0x0000000a   Code   RO         1577    .text               c_w.l(defsig_exit.o)
    0x080005b6   0x080005b6   0x00000002   PAD
    0x080005b8   0x080005b8   0x00000050   Code   RO         1583    .text               c_w.l(defsig_rtmem_inner.o)
    0x08000608   0x08000608   0x0000000c   Code   RO         1595    .text               c_w.l(sys_exit.o)
    0x08000614   0x08000614   0x00000032   Code   RO         1607    .text               c_w.l(defsig_general.o)
    0x08000646   0x08000646   0x0000000e   Code   RO         1627    .text               c_w.l(sys_wrch.o)
    0x08000654   0x08000654   0x00000004   Code   RO           81    .text.BusFault_Handler  stm32f4xx_it.o
    0x08000658   0x08000658   0x000000ba   Code   RO         1360    .text.CDC_ProcessReception  usbh_cdc.o
    0x08000712   0x08000712   0x00000002   PAD
    0x08000714   0x08000714   0x000000fc   Code   RO         1358    .text.CDC_ProcessTransmission  usbh_cdc.o
    0x08000810   0x08000810   0x00000094   Code   RO         1196    .text.DeInitStateMachine  usbh_core.o
    0x080008a4   0x080008a4   0x00000002   Code   RO           87    .text.DebugMon_Handler  stm32f4xx_it.o
    0x080008a6   0x080008a6   0x00000002   PAD
    0x080008a8   0x080008a8   0x0000000e   Code   RO           15    .text.Error_Handler  main.o
    0x080008b6   0x080008b6   0x00000002   PAD
    0x080008b8   0x080008b8   0x00000030   Code   RO         1354    .text.GetLineCoding  usbh_cdc.o
    0x080008e8   0x080008e8   0x00000042   Code   RO          720    .text.HAL_Delay     stm32f4xx_hal.o
    0x0800092a   0x0800092a   0x00000002   PAD
    0x0800092c   0x0800092c   0x000003b6   Code   RO          493    .text.HAL_GPIO_Init  stm32f4xx_hal_gpio.o
    0x08000ce2   0x08000ce2   0x00000002   PAD
    0x08000ce4   0x08000ce4   0x0000002e   Code   RO          499    .text.HAL_GPIO_WritePin  stm32f4xx_hal_gpio.o
    0x08000d12   0x08000d12   0x00000002   PAD
    0x08000d14   0x08000d14   0x0000000c   Code   RO          712    .text.HAL_GetTick   stm32f4xx_hal.o
    0x08000d20   0x08000d20   0x00000014   Code   RO          131    .text.HAL_HCD_Connect_Callback  usbh_conf.o
    0x08000d34   0x08000d34   0x00000014   Code   RO          133    .text.HAL_HCD_Disconnect_Callback  usbh_conf.o
    0x08000d48   0x08000d48   0x00000012   Code   RO          241    .text.HAL_HCD_GetCurrentFrame  stm32f4xx_hal_hcd.o
    0x08000d5a   0x08000d5a   0x00000002   PAD
    0x08000d5c   0x08000d5c   0x00000012   Code   RO          243    .text.HAL_HCD_GetCurrentSpeed  stm32f4xx_hal_hcd.o
    0x08000d6e   0x08000d6e   0x00000002   PAD
    0x08000d70   0x08000d70   0x0000001c   Code   RO          235    .text.HAL_HCD_HC_GetURBState  stm32f4xx_hal_hcd.o
    0x08000d8c   0x08000d8c   0x0000001a   Code   RO          237    .text.HAL_HCD_HC_GetXferCount  stm32f4xx_hal_hcd.o
    0x08000da6   0x08000da6   0x00000002   PAD
    0x08000da8   0x08000da8   0x0000005c   Code   RO          195    .text.HAL_HCD_HC_Halt  stm32f4xx_hal_hcd.o
    0x08000e04   0x08000e04   0x00000150   Code   RO          193    .text.HAL_HCD_HC_Init  stm32f4xx_hal_hcd.o
    0x08000f54   0x08000f54   0x00000010   Code   RO          135    .text.HAL_HCD_HC_NotifyURBChange_Callback  usbh_conf.o
    0x08000f64   0x08000f64   0x000002ac   Code   RO          201    .text.HAL_HCD_HC_SubmitRequest  stm32f4xx_hal_hcd.o
    0x08001210   0x08001210   0x000001d8   Code   RO          203    .text.HAL_HCD_IRQHandler  stm32f4xx_hal_hcd.o
    0x080013e8   0x080013e8   0x00000148   Code   RO          189    .text.HAL_HCD_Init  stm32f4xx_hal_hcd.o
    0x08001530   0x08001530   0x000000c8   Code   RO          125    .text.HAL_HCD_MspInit  usbh_conf.o
    0x080015f8   0x080015f8   0x00000014   Code   RO          139    .text.HAL_HCD_PortDisabled_Callback  usbh_conf.o
    0x0800160c   0x0800160c   0x00000014   Code   RO          137    .text.HAL_HCD_PortEnabled_Callback  usbh_conf.o
    0x08001620   0x08001620   0x00000012   Code   RO          231    .text.HAL_HCD_ResetPort  stm32f4xx_hal_hcd.o
    0x08001632   0x08001632   0x00000002   PAD
    0x08001634   0x08001634   0x00000014   Code   RO          129    .text.HAL_HCD_SOF_Callback  usbh_conf.o
    0x08001648   0x08001648   0x00000056   Code   RO          227    .text.HAL_HCD_Start  stm32f4xx_hal_hcd.o
    0x0800169e   0x0800169e   0x00000002   PAD
    0x080016a0   0x080016a0   0x0000004c   Code   RO          229    .text.HAL_HCD_Stop  stm32f4xx_hal_hcd.o
    0x080016ec   0x080016ec   0x000002a4   Code   RO          789    .text.HAL_I2C_Init  stm32f4xx_hal_i2c.o
    0x08001990   0x08001990   0x00000092   Code   RO           35    .text.HAL_I2C_MspInit  i2c.o
    0x08001a22   0x08001a22   0x00000002   PAD
    0x08001a24   0x08001a24   0x0000029a   Code   RO         1040    .text.HAL_I2SEx_FullDuplex_IRQHandler  stm32f4xx_hal_i2s_ex.o
    0x08001cbe   0x08001cbe   0x00000002   PAD
    0x08001cc0   0x08001cc0   0x00000008   Code   RO         1052    .text.HAL_I2SEx_TxRxCpltCallback  stm32f4xx_hal_i2s_ex.o
    0x08001cc8   0x08001cc8   0x00000008   Code   RO         1009    .text.HAL_I2S_ErrorCallback  stm32f4xx_hal_i2s.o
    0x08001cd0   0x08001cd0   0x00000292   Code   RO          959    .text.HAL_I2S_Init  stm32f4xx_hal_i2s.o
    0x08001f62   0x08001f62   0x00000002   PAD
    0x08001f64   0x08001f64   0x00000100   Code   RO           49    .text.HAL_I2S_MspInit  i2s.o
    0x08002064   0x08002064   0x00000008   Code   RO         1007    .text.HAL_I2S_RxCpltCallback  stm32f4xx_hal_i2s.o
    0x0800206c   0x0800206c   0x00000008   Code   RO         1003    .text.HAL_I2S_TxCpltCallback  stm32f4xx_hal_i2s.o
    0x08002074   0x08002074   0x0000001a   Code   RO          710    .text.HAL_IncTick   stm32f4xx_hal.o
    0x0800208e   0x0800208e   0x00000002   PAD
    0x08002090   0x08002090   0x0000003c   Code   RO          700    .text.HAL_Init      stm32f4xx_hal.o
    0x080020cc   0x080020cc   0x00000070   Code   RO          702    .text.HAL_InitTick  stm32f4xx_hal.o
    0x0800213c   0x0800213c   0x00000052   Code   RO          102    .text.HAL_MspInit   stm32f4xx_hal_msp.o
    0x0800218e   0x0800218e   0x00000002   PAD
    0x08002190   0x08002190   0x00000014   Code   RO          641    .text.HAL_NVIC_EnableIRQ  stm32f4xx_hal_cortex.o
    0x080021a4   0x080021a4   0x00000032   Code   RO          633    .text.HAL_NVIC_SetPriority  stm32f4xx_hal_cortex.o
    0x080021d6   0x080021d6   0x00000002   PAD
    0x080021d8   0x080021d8   0x00000010   Code   RO          629    .text.HAL_NVIC_SetPriorityGrouping  stm32f4xx_hal_cortex.o
    0x080021e8   0x080021e8   0x000000c2   Code   RO          396    .text.HAL_RCCEx_GetPeriphCLKFreq  stm32f4xx_hal_rcc_ex.o
    0x080022aa   0x080022aa   0x00000002   PAD
    0x080022ac   0x080022ac   0x00000234   Code   RO          392    .text.HAL_RCCEx_PeriphCLKConfig  stm32f4xx_hal_rcc_ex.o
    0x080024e0   0x080024e0   0x00000262   Code   RO          361    .text.HAL_RCC_ClockConfig  stm32f4xx_hal_rcc.o
    0x08002742   0x08002742   0x00000002   PAD
    0x08002744   0x08002744   0x0000000c   Code   RO          371    .text.HAL_RCC_GetHCLKFreq  stm32f4xx_hal_rcc.o
    0x08002750   0x08002750   0x00000022   Code   RO          373    .text.HAL_RCC_GetPCLK1Freq  stm32f4xx_hal_rcc.o
    0x08002772   0x08002772   0x00000002   PAD
    0x08002774   0x08002774   0x000000e6   Code   RO          363    .text.HAL_RCC_GetSysClockFreq  stm32f4xx_hal_rcc.o
    0x0800285a   0x0800285a   0x00000002   PAD
    0x0800285c   0x0800285c   0x000006be   Code   RO          359    .text.HAL_RCC_OscConfig  stm32f4xx_hal_rcc.o
    0x08002f1a   0x08002f1a   0x00000002   PAD
    0x08002f1c   0x08002f1c   0x00000100   Code   RO         1061    .text.HAL_SPI_Init  stm32f4xx_hal_spi.o
    0x0800301c   0x0800301c   0x0000008c   Code   RO           63    .text.HAL_SPI_MspInit  spi.o
    0x080030a8   0x080030a8   0x00000010   Code   RO          653    .text.HAL_SYSTICK_Config  stm32f4xx_hal_cortex.o
    0x080030b8   0x080030b8   0x000005a6   Code   RO          213    .text.HCD_HC_IN_IRQHandler  stm32f4xx_hal_hcd.o
    0x0800365e   0x0800365e   0x00000002   PAD
    0x08003660   0x08003660   0x000005b4   Code   RO          215    .text.HCD_HC_OUT_IRQHandler  stm32f4xx_hal_hcd.o
    0x08003c14   0x08003c14   0x000000e4   Code   RO          207    .text.HCD_Port_IRQHandler  stm32f4xx_hal_hcd.o
    0x08003cf8   0x08003cf8   0x00000148   Code   RO          211    .text.HCD_RXQLVL_IRQHandler  stm32f4xx_hal_hcd.o
    0x08003e40   0x08003e40   0x00000004   Code   RO           77    .text.HardFault_Handler  stm32f4xx_it.o
    0x08003e44   0x08003e44   0x00000050   Code   RO         1048    .text.I2SEx_RxISR_I2S  stm32f4xx_hal_i2s_ex.o
    0x08003e94   0x08003e94   0x0000008c   Code   RO         1044    .text.I2SEx_RxISR_I2SExt  stm32f4xx_hal_i2s_ex.o
    0x08003f20   0x08003f20   0x00000050   Code   RO         1042    .text.I2SEx_TxISR_I2S  stm32f4xx_hal_i2s_ex.o
    0x08003f70   0x08003f70   0x0000008a   Code   RO         1046    .text.I2SEx_TxISR_I2SExt  stm32f4xx_hal_i2s_ex.o
    0x08003ffa   0x08003ffa   0x00000002   PAD
    0x08003ffc   0x08003ffc   0x0000012a   Code   RO          961    .text.I2S_IRQHandler  stm32f4xx_hal_i2s.o
    0x08004126   0x08004126   0x00000002   PAD
    0x08004128   0x08004128   0x0000004a   Code   RO         1015    .text.I2S_Receive_IT  stm32f4xx_hal_i2s.o
    0x08004172   0x08004172   0x00000002   PAD
    0x08004174   0x08004174   0x00000048   Code   RO         1017    .text.I2S_Transmit_IT  stm32f4xx_hal_i2s.o
    0x080041bc   0x080041bc   0x0000003e   Code   RO          181    .text.MX_DriverVbusFS  usbh_platform.o
    0x080041fa   0x080041fa   0x00000002   PAD
    0x080041fc   0x080041fc   0x00000206   Code   RO           25    .text.MX_GPIO_Init  gpio.o
    0x08004402   0x08004402   0x00000002   PAD
    0x08004404   0x08004404   0x00000048   Code   RO           33    .text.MX_I2C1_Init  i2c.o
    0x0800444c   0x0800444c   0x00000048   Code   RO           47    .text.MX_I2S3_Init  i2s.o
    0x08004494   0x08004494   0x0000004e   Code   RO           61    .text.MX_SPI1_Init  spi.o
    0x080044e2   0x080044e2   0x00000002   PAD
    0x080044e4   0x080044e4   0x00000058   Code   RO          110    .text.MX_USB_HOST_Init  usb_host.o
    0x0800453c   0x0800453c   0x00000010   Code   RO          114    .text.MX_USB_HOST_Process  usb_host.o
    0x0800454c   0x0800454c   0x00000004   Code   RO           79    .text.MemManage_Handler  stm32f4xx_it.o
    0x08004550   0x08004550   0x00000004   Code   RO           75    .text.NMI_Handler   stm32f4xx_it.o
    0x08004554   0x08004554   0x0000006c   Code   RO          639    .text.NVIC_EncodePriority  stm32f4xx_hal_cortex.o
    0x080045c0   0x080045c0   0x00000010   Code   RO           93    .text.OTG_FS_IRQHandler  stm32f4xx_it.o
    0x080045d0   0x080045d0   0x00000002   Code   RO           89    .text.PendSV_Handler  stm32f4xx_it.o
    0x080045d2   0x080045d2   0x00000002   PAD
    0x080045d4   0x080045d4   0x00000002   Code   RO           85    .text.SVC_Handler   stm32f4xx_it.o
    0x080045d6   0x080045d6   0x00000002   PAD
    0x080045d8   0x080045d8   0x00000030   Code   RO         1356    .text.SetLineCoding  usbh_cdc.o
    0x08004608   0x08004608   0x00000052   Code   RO          655    .text.SysTick_Config  stm32f4xx_hal_cortex.o
    0x0800465a   0x0800465a   0x00000002   PAD
    0x0800465c   0x0800465c   0x00000008   Code   RO           91    .text.SysTick_Handler  stm32f4xx_it.o
    0x08004664   0x08004664   0x000000be   Code   RO           13    .text.SystemClock_Config  main.o
    0x08004722   0x08004722   0x00000002   PAD
    0x08004724   0x08004724   0x00000012   Code   RO         1180    .text.SystemInit    system_stm32f4xx.o
    0x08004736   0x08004736   0x00000002   PAD
    0x08004738   0x08004738   0x00000046   Code   RO         1313    .text.USBH_AllocPipe  usbh_pipes.o
    0x0800477e   0x0800477e   0x00000002   PAD
    0x08004780   0x08004780   0x00000040   Code   RO         1292    .text.USBH_BulkReceiveData  usbh_ioreq.o
    0x080047c0   0x080047c0   0x0000005c   Code   RO         1290    .text.USBH_BulkSendData  usbh_ioreq.o
    0x0800481c   0x0800481c   0x0000004e   Code   RO         1330    .text.USBH_CDC_ClassRequest  usbh_cdc.o
    0x0800486a   0x0800486a   0x00000002   PAD
    0x0800486c   0x0800486c   0x000000a6   Code   RO         1328    .text.USBH_CDC_InterfaceDeInit  usbh_cdc.o
    0x08004912   0x08004912   0x00000002   PAD
    0x08004914   0x08004914   0x000002b6   Code   RO         1326    .text.USBH_CDC_InterfaceInit  usbh_cdc.o
    0x08004bca   0x08004bca   0x00000002   PAD
    0x08004bcc   0x08004bcc   0x00000008   Code   RO         1352    .text.USBH_CDC_LineCodingChanged  usbh_cdc.o
    0x08004bd4   0x08004bd4   0x0000012e   Code   RO         1332    .text.USBH_CDC_Process  usbh_cdc.o
    0x08004d02   0x08004d02   0x00000002   PAD
    0x08004d04   0x08004d04   0x00000008   Code   RO         1350    .text.USBH_CDC_ReceiveCallback  usbh_cdc.o
    0x08004d0c   0x08004d0c   0x0000000a   Code   RO         1334    .text.USBH_CDC_SOFProcess  usbh_cdc.o
    0x08004d16   0x08004d16   0x00000002   PAD
    0x08004d18   0x08004d18   0x00000008   Code   RO         1348    .text.USBH_CDC_TransmitCallback  usbh_cdc.o
    0x08004d20   0x08004d20   0x0000001a   Code   RO         1311    .text.USBH_ClosePipe  usbh_pipes.o
    0x08004d3a   0x08004d3a   0x00000002   PAD
    0x08004d3c   0x08004d3c   0x00000042   Code   RO         1267    .text.USBH_ClrFeature  usbh_ctlreq.o
    0x08004d7e   0x08004d7e   0x00000002   PAD
    0x08004d80   0x08004d80   0x0000003e   Code   RO         1288    .text.USBH_CtlReceiveData  usbh_ioreq.o
    0x08004dbe   0x08004dbe   0x00000002   PAD
    0x08004dc0   0x08004dc0   0x00000094   Code   RO         1257    .text.USBH_CtlReq   usbh_ctlreq.o
    0x08004e54   0x08004e54   0x0000005c   Code   RO         1286    .text.USBH_CtlSendData  usbh_ioreq.o
    0x08004eb0   0x08004eb0   0x00000038   Code   RO         1284    .text.USBH_CtlSendSetup  usbh_ioreq.o
    0x08004ee8   0x08004ee8   0x00000010   Code   RO          171    .text.USBH_Delay    usbh_conf.o
    0x08004ef8   0x08004ef8   0x000000aa   Code   RO         1206    .text.USBH_FindInterface  usbh_core.o
    0x08004fa2   0x08004fa2   0x00000002   PAD
    0x08004fa4   0x08004fa4   0x00000030   Code   RO         1317    .text.USBH_FreePipe  usbh_pipes.o
    0x08004fd4   0x08004fd4   0x0000007a   Code   RO         1245    .text.USBH_GetDescriptor  usbh_ctlreq.o
    0x0800504e   0x0800504e   0x00000002   PAD
    0x08005050   0x08005050   0x0000005a   Code   RO         1315    .text.USBH_GetFreePipe  usbh_pipes.o
    0x080050aa   0x080050aa   0x00000002   PAD
    0x080050ac   0x080050ac   0x00000020   Code   RO         1269    .text.USBH_GetNextDesc  usbh_ctlreq.o
    0x080050cc   0x080050cc   0x0000004c   Code   RO         1249    .text.USBH_Get_CfgDesc  usbh_ctlreq.o
    0x08005118   0x08005118   0x0000004a   Code   RO         1243    .text.USBH_Get_DevDesc  usbh_ctlreq.o
    0x08005162   0x08005162   0x00000002   PAD
    0x08005164   0x08005164   0x00000054   Code   RO         1253    .text.USBH_Get_StringDesc  usbh_ctlreq.o
    0x080051b8   0x080051b8   0x00000052   Code   RO          145    .text.USBH_Get_USB_Status  usbh_conf.o
    0x0800520a   0x0800520a   0x00000002   PAD
    0x0800520c   0x0800520c   0x00000302   Code   RO         1271    .text.USBH_HandleControl  usbh_ctlreq.o
    0x0800550e   0x0800550e   0x00000002   PAD
    0x08005510   0x08005510   0x00000418   Code   RO         1220    .text.USBH_HandleEnum  usbh_core.o
    0x08005928   0x08005928   0x0000002a   Code   RO         1226    .text.USBH_HandleSof  usbh_core.o
    0x08005952   0x08005952   0x00000002   PAD
    0x08005954   0x08005954   0x0000007e   Code   RO         1194    .text.USBH_Init     usbh_core.o
    0x080059d2   0x080059d2   0x00000002   PAD
    0x080059d4   0x080059d4   0x0000003a   Code   RO          159    .text.USBH_LL_ClosePipe  usbh_conf.o
    0x08005a0e   0x08005a0e   0x00000002   PAD
    0x08005a10   0x08005a10   0x0000001e   Code   RO         1232    .text.USBH_LL_Connect  usbh_core.o
    0x08005a2e   0x08005a2e   0x00000002   PAD
    0x08005a30   0x08005a30   0x0000003a   Code   RO         1234    .text.USBH_LL_Disconnect  usbh_core.o
    0x08005a6a   0x08005a6a   0x00000002   PAD
    0x08005a6c   0x08005a6c   0x0000002c   Code   RO          165    .text.USBH_LL_DriverVBUS  usbh_conf.o
    0x08005a98   0x08005a98   0x0000001c   Code   RO          155    .text.USBH_LL_GetLastXferSize  usbh_conf.o
    0x08005ab4   0x08005ab4   0x00000056   Code   RO          151    .text.USBH_LL_GetSpeed  usbh_conf.o
    0x08005b0a   0x08005b0a   0x00000002   PAD
    0x08005b0c   0x08005b0c   0x0000001c   Code   RO          163    .text.USBH_LL_GetURBState  usbh_conf.o
    0x08005b28   0x08005b28   0x0000001c   Code   RO         1224    .text.USBH_LL_IncTimer  usbh_core.o
    0x08005b44   0x08005b44   0x0000006e   Code   RO          141    .text.USBH_LL_Init  usbh_conf.o
    0x08005bb2   0x08005bb2   0x00000002   PAD
    0x08005bb4   0x08005bb4   0x0000007c   Code   RO          157    .text.USBH_LL_OpenPipe  usbh_conf.o
    0x08005c30   0x08005c30   0x00000010   Code   RO         1230    .text.USBH_LL_PortDisabled  usbh_core.o
    0x08005c40   0x08005c40   0x00000010   Code   RO         1228    .text.USBH_LL_PortEnabled  usbh_core.o
    0x08005c50   0x08005c50   0x00000032   Code   RO          153    .text.USBH_LL_ResetPort  usbh_conf.o
    0x08005c82   0x08005c82   0x00000002   PAD
    0x08005c84   0x08005c84   0x00000012   Code   RO         1222    .text.USBH_LL_SetTimer  usbh_core.o
    0x08005c96   0x08005c96   0x00000002   PAD
    0x08005c98   0x08005c98   0x0000005a   Code   RO          167    .text.USBH_LL_SetToggle  usbh_conf.o
    0x08005cf2   0x08005cf2   0x00000002   PAD
    0x08005cf4   0x08005cf4   0x00000032   Code   RO          147    .text.USBH_LL_Start  usbh_conf.o
    0x08005d26   0x08005d26   0x00000002   PAD
    0x08005d28   0x08005d28   0x00000032   Code   RO          149    .text.USBH_LL_Stop  usbh_conf.o
    0x08005d5a   0x08005d5a   0x00000002   PAD
    0x08005d5c   0x08005d5c   0x00000084   Code   RO          161    .text.USBH_LL_SubmitURB  usbh_conf.o
    0x08005de0   0x08005de0   0x0000005c   Code   RO         1309    .text.USBH_OpenPipe  usbh_pipes.o
    0x08005e3c   0x08005e3c   0x00000256   Code   RO         1251    .text.USBH_ParseCfgDesc  usbh_ctlreq.o
    0x08006092   0x08006092   0x00000002   PAD
    0x08006094   0x08006094   0x000000d2   Code   RO         1247    .text.USBH_ParseDevDesc  usbh_ctlreq.o
    0x08006166   0x08006166   0x00000002   PAD
    0x08006168   0x08006168   0x00000136   Code   RO         1275    .text.USBH_ParseEPDesc  usbh_ctlreq.o
    0x0800629e   0x0800629e   0x00000002   PAD
    0x080062a0   0x080062a0   0x00000052   Code   RO         1273    .text.USBH_ParseInterfaceDesc  usbh_ctlreq.o
    0x080062f2   0x080062f2   0x00000002   PAD
    0x080062f4   0x080062f4   0x00000084   Code   RO         1255    .text.USBH_ParseStringDesc  usbh_ctlreq.o
    0x08006378   0x08006378   0x000003ec   Code   RO         1218    .text.USBH_Process  usbh_core.o
    0x08006764   0x08006764   0x0000005c   Code   RO         1200    .text.USBH_RegisterClass  usbh_core.o
    0x080067c0   0x080067c0   0x0000004e   Code   RO         1202    .text.USBH_SelectInterface  usbh_core.o
    0x0800680e   0x0800680e   0x00000002   PAD
    0x08006810   0x08006810   0x00000040   Code   RO         1259    .text.USBH_SetAddress  usbh_ctlreq.o
    0x08006850   0x08006850   0x00000040   Code   RO         1261    .text.USBH_SetCfg   usbh_ctlreq.o
    0x08006890   0x08006890   0x00000040   Code   RO         1265    .text.USBH_SetFeature  usbh_ctlreq.o
    0x080068d0   0x080068d0   0x0000001a   Code   RO         1210    .text.USBH_Start    usbh_core.o
    0x080068ea   0x080068ea   0x00000002   PAD
    0x080068ec   0x080068ec   0x00000054   Code   RO          112    .text.USBH_UserProcess  usb_host.o
    0x08006940   0x08006940   0x000000fc   Code   RO          252    .text.USB_CoreInit  stm32f4xx_ll_usb.o
    0x08006a3c   0x08006a3c   0x00000082   Code   RO          254    .text.USB_CoreReset  stm32f4xx_ll_usb.o
    0x08006abe   0x08006abe   0x00000002   PAD
    0x08006ac0   0x08006ac0   0x00000014   Code   RO          260    .text.USB_DisableGlobalInt  stm32f4xx_ll_usb.o
    0x08006ad4   0x08006ad4   0x0000005e   Code   RO          338    .text.USB_DoPing    stm32f4xx_ll_usb.o
    0x08006b32   0x08006b32   0x00000002   PAD
    0x08006b34   0x08006b34   0x00000068   Code   RO          328    .text.USB_DriveVbus  stm32f4xx_ll_usb.o
    0x08006b9c   0x08006b9c   0x00000014   Code   RO          258    .text.USB_EnableGlobalInt  stm32f4xx_ll_usb.o
    0x08006bb0   0x08006bb0   0x00000080   Code   RO          272    .text.USB_FlushRxFifo  stm32f4xx_ll_usb.o
    0x08006c30   0x08006c30   0x00000086   Code   RO          270    .text.USB_FlushTxFifo  stm32f4xx_ll_usb.o
    0x08006cb6   0x08006cb6   0x00000002   PAD
    0x08006cb8   0x08006cb8   0x00000014   Code   RO          332    .text.USB_GetCurrentFrame  stm32f4xx_ll_usb.o
    0x08006ccc   0x08006ccc   0x0000001e   Code   RO          330    .text.USB_GetHostSpeed  stm32f4xx_ll_usb.o
    0x08006cea   0x08006cea   0x00000002   PAD
    0x08006cec   0x08006cec   0x00000010   Code   RO          264    .text.USB_GetMode   stm32f4xx_ll_usb.o
    0x08006cfc   0x08006cfc   0x000001a0   Code   RO          342    .text.USB_HC_Halt   stm32f4xx_ll_usb.o
    0x08006e9c   0x08006e9c   0x00000222   Code   RO          334    .text.USB_HC_Init   stm32f4xx_ll_usb.o
    0x080070be   0x080070be   0x00000002   PAD
    0x080070c0   0x080070c0   0x00000014   Code   RO          340    .text.USB_HC_ReadInterrupt  stm32f4xx_ll_usb.o
    0x080070d4   0x080070d4   0x00000276   Code   RO          336    .text.USB_HC_StartXfer  stm32f4xx_ll_usb.o
    0x0800734a   0x0800734a   0x00000002   PAD
    0x0800734c   0x0800734c   0x000001ac   Code   RO          322    .text.USB_HostInit  stm32f4xx_ll_usb.o
    0x080074f8   0x080074f8   0x00000064   Code   RO          324    .text.USB_InitFSLSPClkSel  stm32f4xx_ll_usb.o
    0x0800755c   0x0800755c   0x0000001a   Code   RO          306    .text.USB_ReadInterrupts  stm32f4xx_ll_usb.o
    0x08007576   0x08007576   0x00000002   PAD
    0x08007578   0x08007578   0x000000b4   Code   RO          292    .text.USB_ReadPacket  stm32f4xx_ll_usb.o
    0x0800762c   0x0800762c   0x0000004a   Code   RO          326    .text.USB_ResetPort  stm32f4xx_ll_usb.o
    0x08007676   0x08007676   0x00000002   PAD
    0x08007678   0x08007678   0x000000de   Code   RO          262    .text.USB_SetCurrentMode  stm32f4xx_ll_usb.o
    0x08007756   0x08007756   0x00000002   PAD
    0x08007758   0x08007758   0x00000120   Code   RO          344    .text.USB_StopHost  stm32f4xx_ll_usb.o
    0x08007878   0x08007878   0x00000082   Code   RO          286    .text.USB_WritePacket  stm32f4xx_ll_usb.o
    0x080078fa   0x080078fa   0x00000002   PAD
    0x080078fc   0x080078fc   0x00000004   Code   RO           83    .text.UsageFault_Handler  stm32f4xx_it.o
    0x08007900   0x08007900   0x00000030   Code   RO          643    .text.__NVIC_EnableIRQ  stm32f4xx_hal_cortex.o
    0x08007930   0x08007930   0x00000010   Code   RO          635    .text.__NVIC_GetPriorityGrouping  stm32f4xx_hal_cortex.o
    0x08007940   0x08007940   0x00000042   Code   RO          637    .text.__NVIC_SetPriority  stm32f4xx_hal_cortex.o
    0x08007982   0x08007982   0x00000002   PAD
    0x08007984   0x08007984   0x0000003c   Code   RO          631    .text.__NVIC_SetPriorityGrouping  stm32f4xx_hal_cortex.o
    0x080079c0   0x080079c0   0x0000002c   Code   RO           11    .text.main          main.o
    0x080079ec   0x080079ec   0x0000001a   Code   RO         1564    x$fpl$fpinit        fz_wm.l(fpinit.o)
    0x08007a06   0x08007a06   0x00000010   Data   RO         1185    .rodata.AHBPrescTable  system_stm32f4xx.o
    0x08007a16   0x08007a16   0x00000008   Data   RO         1186    .rodata.APBPrescTable  system_stm32f4xx.o
    0x08007a1e   0x08007a1e   0x00000004   Data   RO         1362    .rodata.str1.1      usbh_cdc.o
    0x08007a22   0x08007a22   0x00000002   PAD
    0x08007a24   0x08007a24   0x00000020   Data   RO         1658    Region$$Table       anon$$obj.o


    Execution Region RW_IRAM1 (Exec base: 0x20000000, Load base: 0x08007a48, Size: 0x00000e68, Max: 0x0001c000, ABSOLUTE)

    Exec Addr    Load Addr    Size         Type   Attr      Idx    E Section Name        Object

    0x20000000   0x08007a48   0x00000020   Data   RW         1363    .data.CDC_Class     usbh_cdc.o
    0x20000020   0x08007a68   0x00000004   Data   RW         1184    .data.SystemCoreClock  system_stm32f4xx.o
    0x20000024   0x08007a6c   0x00000001   Data   RW          755    .data.uwTickFreq    stm32f4xx_hal.o
    0x20000025   0x08007a6d   0x00000003   PAD
    0x20000028   0x08007a70   0x00000004   Data   RW          754    .data.uwTickPrio    stm32f4xx_hal.o
    0x2000002c   0x08007a74   0x00000004   PAD
    0x20000030        -       0x00000060   Zero   RW         1528    .bss                c_w.l(libspace.o)
    0x20000090        -       0x00000001   Zero   RW          116    .bss.Appli_state    usb_host.o
    0x20000091   0x08007a74   0x00000003   PAD
    0x20000094        -       0x000003d8   Zero   RW          117    .bss.hUsbHostFS     usb_host.o
    0x2000046c        -       0x00000304   Zero   RW          173    .bss.hhcd_USB_OTG_FS  usbh_conf.o
    0x20000770        -       0x00000054   Zero   RW           39    .bss.hi2c1          i2c.o
    0x200007c4        -       0x00000048   Zero   RW           53    .bss.hi2s3          i2s.o
    0x2000080c        -       0x00000058   Zero   RW           67    .bss.hspi1          spi.o
    0x20000864        -       0x00000004   Zero   RW          756    .bss.uwTick         stm32f4xx_hal.o
    0x20000868        -       0x00000200   Zero   RW            2    HEAP                startup_stm32f407xx.o
    0x20000a68        -       0x00000400   Zero   RW            1    STACK               startup_stm32f407xx.o


    Execution Region RW_IRAM2 (Exec base: 0x2001c000, Load base: 0x08007a78, Size: 0x00000000, Max: 0x00004000, ABSOLUTE)

    **** No section assigned to this execution region ****


==============================================================================

Image component sizes


      Code (inc. data)   RO Data    RW Data    ZI Data      Debug   Object Name

       518          0          0          0          0       2306   gpio.o
       218          0          0          0         84       5036   i2c.o
       328          0          0          0         72       5116   i2s.o
       248          0          0          0          0       2665   main.o
       218          0          0          0         88       4839   spi.o
        64         26        392          0       1536        832   startup_stm32f407xx.o
       276          0          0          5          4       7091   stm32f4xx_hal.o
       482          0          0          0          0       9400   stm32f4xx_hal_cortex.o
       996          0          0          0          0       5066   stm32f4xx_hal_gpio.o
      5644         10          0          0          0      12129   stm32f4xx_hal_hcd.o
       676          0          0          0          0      37199   stm32f4xx_hal_i2c.o
      1126          0          0          0          0      11338   stm32f4xx_hal_i2s.o
      1112          0          0          0          0       8782   stm32f4xx_hal_i2s_ex.o
        82          0          0          0          0       1473   stm32f4xx_hal_msp.o
      2612          0          0          0          0       7550   stm32f4xx_hal_rcc.o
       758          0          0          0          0       4150   stm32f4xx_hal_rcc_ex.o
       256          0          0          0          0      19643   stm32f4xx_hal_spi.o
        50          0          0          0          0       1095   stm32f4xx_it.o
      4008          8          0          0          0      19051   stm32f4xx_ll_usb.o
        18          0         24          4          0       2503   system_stm32f4xx.o
       188          6          0          0        985       5544   usb_host.o
      1808          6          4         32          0      12222   usbh_cdc.o
      1264          4          0          0        772      15185   usbh_conf.o
      2900         44          0          0          0      11087   usbh_core.o
      2896         22          0          0          0      11128   usbh_ctlreq.o
       366          0          0          0          0       6731   usbh_ioreq.o
       326          0          0          0          0       5947   usbh_pipes.o
        62          0          0          0          0       1245   usbh_platform.o

    ----------------------------------------------------------------------
     29656        126        454         44       3548     236353   Object Totals
         0          0         32          0          0          0   (incl. Generated)
       156          0          2          3          7          0   (incl. Padding)

    ----------------------------------------------------------------------

      Code (inc. data)   RO Data    RW Data    ZI Data      Debug   Library Member Name

         8          0          0          0          0         68   __main.o
         0          0          0          0          0          0   __rtentry.o
        12          0          0          0          0          0   __rtentry2.o
         6          0          0          0          0          0   __rtentry4.o
        52          8          0          0          0          0   __scatter.o
        26          0          0          0          0          0   __scatter_copy.o
        28          0          0          0          0          0   __scatter_zi.o
        10          0          0          0          0         68   defsig_exit.o
        50          0          0          0          0         88   defsig_general.o
        80         58          0          0          0         76   defsig_rtmem_inner.o
        14          0          0          0          0         80   defsig_rtmem_outer.o
        18          0          0          0          0         80   exit.o
        94          0          0          0          0         80   h1_alloc.o
        52          0          0          0          0         68   h1_extend.o
        78          0          0          0          0         80   h1_free.o
        14          0          0          0          0         84   h1_init.o
         6          0          0          0          0        152   heapauxi.o
         4          0          0          0          0        136   hguard.o
         0          0          0          0          0          0   indicate_semi.o
       138          0          0          0          0        168   init_alloc.o
         2          0          0          0          0          0   libinit.o
        14          0          0          0          0          0   libinit2.o
         2          0          0          0          0          0   libshutdown.o
         2          0          0          0          0          0   libshutdown2.o
         8          4          0          0         96         68   libspace.o
       240          0          0          0          0        100   lludivv7m.o
         0          0          0          0          0          0   maybetermalloc1.o
         8          4          0          0          0         68   rt_heap_descriptor_intlibspace.o
        78          0          0          0          0         80   rt_memclr_w.o
         2          0          0          0          0          0   rtexit.o
        10          0          0          0          0          0   rtexit2.o
        12          4          0          0          0         68   sys_exit.o
        74          0          0          0          0         80   sys_stackheap_outer.o
        14          0          0          0          0         76   sys_wrch.o
         2          0          0          0          0         68   use_no_semi.o
        26          0          0          0          0        116   fpinit.o

    ----------------------------------------------------------------------
      1190         78          0          0         96       1952   Library Totals
         6          0          0          0          0          0   (incl. Padding)

    ----------------------------------------------------------------------

      Code (inc. data)   RO Data    RW Data    ZI Data      Debug   Library Name

      1158         78          0          0         96       1836   c_w.l
        26          0          0          0          0        116   fz_wm.l

    ----------------------------------------------------------------------
      1190         78          0          0         96       1952   Library Totals

    ----------------------------------------------------------------------

==============================================================================


      Code (inc. data)   RO Data    RW Data    ZI Data      Debug   

     30846        204        454         44       3644     236849   Grand Totals
     30846        204        454         44       3644     236849   ELF Image Totals
     30846        204        454         44          0          0   ROM Totals

==============================================================================

    Total RO  Size (Code + RO Data)                31300 (  30.57kB)
    Total RW  Size (RW Data + ZI Data)              3688 (   3.60kB)
    Total ROM Size (Code + RO Data + RW Data)      31344 (  30.61kB)

==============================================================================

